 bash arg: -p
  bash arg: com.hcp.flaget
  bash arg: -s
  bash arg: 5555
  bash arg: --throttle
  bash arg: 500
  bash arg: --pct-touch
  bash arg: 15
  bash arg: --pct-motion
  bash arg: 10
  bash arg: --pct-trackball
  bash arg: 15
  bash arg: --pct-nav
  bash arg: 30
  bash arg: --pct-majornav
  bash arg: 15
  bash arg: --pct-syskeys
  bash arg: 2
  bash arg: --pct-appswitch
  bash arg: 2
  bash arg: --pct-flip
  bash arg: 1
  bash arg: --pct-anyevent
  bash arg: 8
  bash arg: -v
  bash arg: -v
  bash arg: -v
  bash arg: 5000
:Monkey: seed=5555 count=5000
:AllowPackage: com.hcp.flaget
:IncludeCategory: android.intent.category.LAUNCHER
:IncludeCategory: android.intent.category.MONKEY
// Selecting main activities from category android.intent.category.LAUNCHER
//   - NOT USING main activity com.achievo.vipshop.activity.LodingActivity (from package com.achievo.vipshop)
//   - NOT USING main activity com.huawei.browser.Main2 (from package com.android.browser)
//   - NOT USING main activity com.android.calendar.AllInOneActivity (from package com.android.calendar)
//   - NOT USING main activity com.android.contacts.activities.PeopleActivity (from package com.android.contacts)
//   - NOT USING main activity com.android.contacts.activities.DialtactsActivity (from package com.android.contacts)
//   - NOT USING main activity com.android.deskclock.AlarmsMainActivity (from package com.android.deskclock)
//   - NOT USING main activity com.android.email.activity.Welcome (from package com.android.email)
//   - NOT USING main activity com.huawei.gallery.app.GalleryMain (from package com.android.gallery3d)
//   - NOT USING main activity com.android.mediacenter.PageActivity (from package com.android.mediacenter)
//   - NOT USING main activity com.android.mms.ui.ConversationList (from package com.android.mms)
//   - NOT USING main activity com.android.settings.HWSettings (from package com.android.settings)
//   - NOT USING main activity com.example.android.notepad.NotePadActivity (from package com.example.android.notepad)
//   - NOT USING main activity com.vmall.client.splash.fragment.SplashActivity (from package com.hihonor.vmall)
//   - NOT USING main activity com.huawei.android.findmyphone.ui.FindMyPhoneActivity (from package com.huawei.android.findmyphone)
//   - NOT USING main activity com.huawei.android.tips.DrawerDisplayActivity (from package com.huawei.android.tips)
//   - NOT USING main activity com.huawei.camera (from package com.huawei.camera)
//   - NOT USING main activity com.huawei.gamebox.GameBoxActivity (from package com.huawei.gamebox)
//   - NOT USING main activity com.huawei.hidisk.filemanager.FileManager (from package com.huawei.hidisk)
//   - NOT USING main activity com.huawei.himovie.ui.login.SplashScreenActivity (from package com.huawei.himovie)
//   - NOT USING main activity com.huawei.skytone.account.welcome.SplashActivity (from package com.huawei.hiskytone)
//   - NOT USING main activity com.sankuai.meituan.activity.PreloadedWelcome (from package com.sankuai.meituan)
//   - NOT USING main activity com.baidu.baidumaps.WelcomeScreen (from package com.baidu.BaiduMap)
//   - NOT USING main activity cn.wps.moffice.documentmanager.PreStartActivity (from package cn.wps.moffice_eng)
//   - NOT USING main activity com.android.calculator2.Calculator (from package com.android.calculator2)
//   - NOT USING main activity com.android.documentsui.LauncherActivity (from package com.android.documentsui)
//   - NOT USING main activity com.android.hwmirror.Mirror (from package com.android.hwmirror)
//   - NOT USING main activity com.android.soundrecorder.SoundRecorder (from package com.android.soundrecorder)
//   - NOT USING main activity com.android.stk.StkLauncherActivity (from package com.android.stk)
//   - NOT USING main activity com.android.stk.StkLauncherActivity2 (from package com.android.stk)
//   - NOT USING main activity com.android.systemui.flashlight.FlashlightActivity (from package com.android.systemui)
//   - NOT USING main activity com.huawei.android.clone.activity.sender.ChooseRecevieSendActivity (from package com.hicloud.android.clone)
//   - NOT USING main activity com.honor.club.SplashActivity (from package com.honor.club)
//   - NOT USING main activity com.huawei.android.FMRadio.FMRadioMainActivity (from package com.huawei.android.FMRadio)
//   - NOT USING main activity com.huawei.android.hwouc.ui.activities.MainEntranceActivity (from package com.huawei.android.hwouc)
//   - NOT USING main activity com.huawei.android.thememanager.HwThemeManagerActivity (from package com.huawei.android.thememanager)
//   - NOT USING main activity com.huawei.android.totemweatherapp.WeatherHome (from package com.huawei.android.totemweatherapp)
//   - NOT USING main activity com.huawei.appmarket.MainActivity (from package com.huawei.appmarket)
//   - NOT USING main activity com.huawei.compass.MainActivity (from package com.huawei.compass)
//   - NOT USING main activity com.huawei.educenter.MainActivity (from package com.huawei.educenter)
//   - NOT USING main activity com.huawei.fans.activity.MainActivity (from package com.huawei.fans)
//   - NOT USING main activity com.huawei.gameassistant.views.GameassistantMainActivity (from package com.huawei.gameassistant)
//   - NOT USING main activity com.huawei.health.MainActivity (from package com.huawei.health)
//   - NOT USING main activity com.qq.reader.activity.SplashActivity (from package com.huawei.hnreader)
//   - NOT USING main activity com.huawei.hwvplayer.framework.MainActivity (from package com.huawei.hwvplayer.youku)
//   - NOT USING main activity com.huawei.lifeservice.basefunction.ui.entry.LandingActivity (from package com.huawei.lives)
//   - NOT USING main activity com.huawei.phoneservice.LaunchActivity (from package com.huawei.phoneservice)
//   - NOT USING main activity com.huawei.systemmanager.mainscreen.MainScreenActivity (from package com.huawei.systemmanager)
//   - NOT USING main activity com.huawei.trustspace.mainscreen.LoadActivity (from package com.huawei.trustspace)
//   - NOT USING main activity com.huawei.vassistant.ui.main.VAssistantActivity (from package com.huawei.vassistant)
//   - NOT USING main activity com.huawei.vdrive.ui.VDriveActivity (from package com.huawei.vdrive)
//   - NOT USING main activity com.huawei.wallet.view.MainActivity (from package com.huawei.wallet)
//   - NOT USING main activity com.huawei.welinklite.MainActivity (from package com.huawei.welinknow)
//   - NOT USING main activity com.sina.weibo.SplashActivity (from package com.sina.weibo)
//   - NOT USING main activity com.ss.android.article.news.activity.SplashActivity (from package com.ss.android.article.news)
//   - NOT USING main activity com.tencent.news.activity.SplashActivity (from package com.tencent.news)
//   - NOT USING main activity com.vmall.client.splash.fragment.SplashActivity (from package com.vmall.client)
//   - NOT USING main activity com.chutzpah.yasibro.modules.main.MainActivity (from package com.chutzpah.yasibro)
//   - NOT USING main activity im.juejin.android.ui.SplashActivity (from package com.daimajia.gold)
//   - NOT USING main activity com.eg.android.AlipayGphone.AlipayLogin (from package com.eg.android.AlipayGphone)
//   + Using main activity com.hcp.flaget.ui.SplashActivity (from package com.hcp.flaget)
//   - NOT USING main activity com.tencent.mm.ui.LauncherUI (from package com.tencent.mm)
//   - NOT USING main activity com.tencent.mobileqq.activity.SplashActivity (from package com.tencent.mobileqq)
//   - NOT USING main activity com.tencent.mtt.SplashActivity (from package com.tencent.mtt)
//   - NOT USING main activity com.tmall.wireless.module.launchalert.TMLaunchAlertActivity (from package com.tmall.wireless)
// Selecting main activities from category android.intent.category.MONKEY
//   - NOT USING main activity com.android.settings.Settings$RunningServicesActivity (from package com.android.settings)
//   - NOT USING main activity com.android.settings.Settings$StorageUseActivity (from package com.android.settings)
//   - NOT USING main activity com.huawei.android.launcher.unihome.UniHomeLauncher (from package com.huawei.android.launcher)
//   - NOT USING main activity com.huawei.educenter.EduHomeActivity (from package com.huawei.educenter)
//   - NOT USING main activity com.huawei.vdrive.ui.LauncherActivity (from package com.huawei.vdrive)
//   - NOT USING main activity com.huawei.KoBackup.InitializeActivity (from package com.huawei.KoBackup)
// Seeded: 5555
// Event percentages:
//   0: 15.0%
//   1: 10.0%
//   2: 2.0%
//   3: 15.0%
//   4: -0.0%
//   5: -0.0%
//   6: 30.0%
//   7: 15.0%
//   8: 2.0%
//   9: 2.0%
//   10: 1.0%
//   11: 8.0%
:Switch: #Intent;action=android.intent.action.MAIN;category=android.intent.category.LAUNCHER;launchFlags=0x10200000;component=com.hcp.flaget/.ui.SplashActivity;end
    // Allowing start of Intent { act=android.intent.action.MAIN cat=[android.intent.category.LAUNCHER] cmp=com.hcp.flaget/.ui.SplashActivity } in package com.hcp.flaget
Sleeping for 500 milliseconds
:Sending Touch (ACTION_DOWN): 0:(844.0,1500.0)
:Sending Touch (ACTION_UP): 0:(834.72186,1487.5347)
Sleeping for 500 milliseconds
:Sending Key (ACTION_DOWN): 20    // KEYCODE_DPAD_DOWN
:Sending Key (ACTION_UP): 20    // KEYCODE_DPAD_DOWN
Sleeping for 500 milliseconds
:Sending Key (ACTION_DOWN): 25    // KEYCODE_VOLUME_DOWN
:Sending Key (ACTION_UP): 25    // KEYCODE_VOLUME_DOWN
Sleeping for 500 milliseconds
:Sending Key (ACTION_DOWN): 637    // 637
:Sending Key (ACTION_UP): 637    // 637
Sleeping for 500 milliseconds
:Sending Trackball (ACTION_MOVE): 0:(-1.0,-1.0)
:Sending Trackball (ACTION_MOVE): 0:(-2.0,0.0)
:Sending Trackball (ACTION_MOVE): 0:(-3.0,-5.0)
:Sending Trackball (ACTION_MOVE): 0:(-2.0,4.0)
:Sending Trackball (ACTION_MOVE): 0:(-2.0,-1.0)
:Sending Trackball (ACTION_MOVE): 0:(-5.0,-5.0)
:Sending Trackball (ACTION_MOVE): 0:(4.0,4.0)
:Sending Trackball (ACTION_MOVE): 0:(-1.0,-2.0)
:Sending Trackball (ACTION_MOVE): 0:(-4.0,3.0)
:Sending Trackball (ACTION_MOVE): 0:(0.0,0.0)
:Sending Trackball (ACTION_MOVE): 0:(3.0,-3.0)
:Sending Trackball (ACTION_MOVE): 0:(-1.0,-1.0)
:Sending Trackball (ACTION_MOVE): 0:(-1.0,3.0)
:Sending Trackball (ACTION_MOVE): 0:(2.0,-1.0)
:Sending Trackball (ACTION_MOVE): 0:(2.0,-2.0)
:Sending Trackball (ACTION_MOVE): 0:(-1.0,1.0)
:Sending Trackball (ACTION_MOVE): 0:(1.0,3.0)
:Sending Trackball (ACTION_MOVE): 0:(3.0,1.0)
:Sending Trackball (ACTION_MOVE): 0:(0.0,-4.0)
:Sending Trackball (ACTION_MOVE): 0:(-1.0,0.0)
:Sending Touch (ACTION_DOWN): 0:(94.0,1518.0)
:Sending Touch (ACTION_UP): 0:(99.1305,1516.6669)
Sleeping for 500 milliseconds
:Sending Key (ACTION_DOWN): 82    // KEYCODE_MENU
:Sending Key (ACTION_UP): 82    // KEYCODE_MENU
Sleeping for 500 milliseconds
:Sending Key (ACTION_DOWN): 82    // KEYCODE_MENU
:Sending Key (ACTION_UP): 82    // KEYCODE_MENU
Sleeping for 500 milliseconds
:Sending Key (ACTION_DOWN): 507    // 507
:Sending Key (ACTION_UP): 507    // 507
Sleeping for 500 milliseconds
:Sending Touch (ACTION_DOWN): 0:(50.0,1275.0)
:Sending Touch (ACTION_UP): 0:(54.2655,1274.9913)
Sleeping for 500 milliseconds
:Sending Trackball (ACTION_MOVE): 0:(-2.0,-2.0)
:Sending Trackball (ACTION_MOVE): 0:(-1.0,4.0)
:Sending Trackball (ACTION_MOVE): 0:(0.0,-2.0)
:Sending Trackball (ACTION_MOVE): 0:(1.0,-1.0)
:Sending Trackball (ACTION_MOVE): 0:(-1.0,-4.0)
:Sending Trackball (ACTION_MOVE): 0:(-2.0,0.0)
:Sending Trackball (ACTION_MOVE): 0:(4.0,0.0)
:Sending Trackball (ACTION_MOVE): 0:(2.0,-3.0)
:Sending Trackball (ACTION_MOVE): 0:(0.0,-1.0)
:Sending Trackball (ACTION_MOVE): 0:(3.0,-5.0)
:Sending Trackball (ACTION_DOWN): 0:(0.0,0.0)
:Sending Trackball (ACTION_UP): 0:(0.0,0.0)
Sleeping for 500 milliseconds
:Sending Touch (ACTION_DOWN): 0:(629.0,730.0)
:Sending Touch (ACTION_UP): 0:(646.4335,713.4582)
Sleeping for 500 milliseconds
:Sending Touch (ACTION_DOWN): 0:(1060.0,340.0)
:Sending Touch (ACTION_UP): 0:(1053.3065,334.62054)
Sleeping for 500 milliseconds
:Sending Key (ACTION_DOWN): 22    // KEYCODE_DPAD_RIGHT
:Sending Key (ACTION_UP): 22    // KEYCODE_DPAD_RIGHT
Sleeping for 500 milliseconds
:Sending Key (ACTION_DOWN): 19    // KEYCODE_DPAD_UP
:Sending Key (ACTION_UP): 19    // KEYCODE_DPAD_UP
Sleeping for 500 milliseconds
:Sending Trackball (ACTION_MOVE): 0:(4.0,3.0)
:Sending Trackball (ACTION_MOVE): 0:(-5.0,-4.0)
:Sending Trackball (ACTION_MOVE): 0:(-2.0,-4.0)
:Sending Trackball (ACTION_MOVE): 0:(0.0,4.0)
:Sending Trackball (ACTION_MOVE): 0:(1.0,1.0)
:Sending Trackball (ACTION_MOVE): 0:(-3.0,-2.0)
:Sending Trackball (ACTION_MOVE): 0:(3.0,-5.0)
:Sending Trackball (ACTION_MOVE): 0:(4.0,-1.0)
:Sending Trackball (ACTION_MOVE): 0:(-3.0,-5.0)
:Sending Trackball (ACTION_MOVE): 0:(-1.0,-2.0)
:Sending Trackball (ACTION_MOVE): 0:(3.0,1.0)
:Sending Trackball (ACTION_MOVE): 0:(2.0,2.0)
:Sending Trackball (ACTION_MOVE): 0:(1.0,-2.0)
:Sending Trackball (ACTION_MOVE): 0:(-5.0,4.0)
:Sending Trackball (ACTION_MOVE): 0:(4.0,0.0)
:Sending Trackball (ACTION_MOVE): 0:(-3.0,2.0)
:Sending Trackball (ACTION_MOVE): 0:(2.0,2.0)
:Sending Trackball (ACTION_MOVE): 0:(4.0,2.0)
:Sending Trackball (ACTION_MOVE): 0:(3.0,1.0)
:Sending Trackball (ACTION_MOVE): 0:(-4.0,-4.0)
:Sending Key (ACTION_DOWN): 45    // KEYCODE_Q
:Sending Key (ACTION_UP): 45    // KEYCODE_Q
Sleeping for 500 milliseconds
:Sending Key (ACTION_DOWN): 21    // KEYCODE_DPAD_LEFT
:Sending Key (ACTION_UP): 21    // KEYCODE_DPAD_LEFT
Sleeping for 500 milliseconds
:Sending Key (ACTION_DOWN): 539    // 539
:Sending Key (ACTION_UP): 539    // 539
Sleeping for 500 milliseconds
:Switch: #Intent;action=android.intent.action.MAIN;category=android.intent.category.LAUNCHER;launchFlags=0x10200000;component=com.hcp.flaget/.ui.SplashActivity;end
    // Allowing start of Intent { act=android.intent.action.MAIN cat=[android.intent.category.LAUNCHER] cmp=com.hcp.flaget/.ui.SplashActivity } in package com.hcp.flaget
Sleeping for 500 milliseconds
:Sending Key (ACTION_DOWN): 21    // KEYCODE_DPAD_LEFT
:Sending Key (ACTION_UP): 21    // KEYCODE_DPAD_LEFT
Sleeping for 500 milliseconds
:Sending Touch (ACTION_DOWN): 0:(747.0,1751.0)
:Sending Touch (ACTION_UP): 0:(745.157,1746.5023)
Sleeping for 500 milliseconds
:Sending Touch (ACTION_DOWN): 0:(943.0,1178.0)
:Sending Touch (ACTION_UP): 0:(940.71094,1168.3413)
Sleeping for 500 milliseconds
:Sending Trackball (ACTION_MOVE): 0:(3.0,3.0)
:Sending Trackball (ACTION_MOVE): 0:(2.0,-3.0)
:Sending Trackball (ACTION_MOVE): 0:(-3.0,4.0)
:Sending Trackball (ACTION_MOVE): 0:(4.0,0.0)
:Sending Trackball (ACTION_MOVE): 0:(2.0,-3.0)
:Sending Trackball (ACTION_MOVE): 0:(2.0,-3.0)
:Sending Trackball (ACTION_MOVE): 0:(1.0,-3.0)
:Sending Trackball (ACTION_MOVE): 0:(4.0,0.0)
    //[calendar_time:2022-05-07 18:39:16.966  system_uptime:2218617884]
    // Sending event #100
:Sending Trackball (ACTION_MOVE): 0:(2.0,2.0)
:Sending Trackball (ACTION_MOVE): 0:(-4.0,1.0)
:Sending Touch (ACTION_DOWN): 0:(907.0,212.0)
:Sending Touch (ACTION_UP): 0:(904.134,211.50073)
Sleeping for 500 milliseconds
:Sending Trackball (ACTION_MOVE): 0:(-2.0,-4.0)
:Sending Trackball (ACTION_MOVE): 0:(-1.0,-4.0)
:Sending Trackball (ACTION_MOVE): 0:(2.0,4.0)
:Sending Trackball (ACTION_MOVE): 0:(1.0,1.0)
:Sending Trackball (ACTION_MOVE): 0:(-4.0,1.0)
:Sending Trackball (ACTION_MOVE): 0:(1.0,1.0)
:Sending Trackball (ACTION_MOVE): 0:(-5.0,-5.0)
:Sending Trackball (ACTION_MOVE): 0:(1.0,4.0)
:Sending Trackball (ACTION_MOVE): 0:(0.0,-2.0)
:Sending Trackball (ACTION_MOVE): 0:(-4.0,-2.0)
:Switch: #Intent;action=android.intent.action.MAIN;category=android.intent.category.LAUNCHER;launchFlags=0x10200000;component=com.hcp.flaget/.ui.SplashActivity;end
    // Allowing start of Intent { act=android.intent.action.MAIN cat=[android.intent.category.LAUNCHER] cmp=com.hcp.flaget/.ui.SplashActivity } in package com.hcp.flaget
Sleeping for 500 milliseconds
:Sending Key (ACTION_DOWN): 82    // KEYCODE_MENU
:Sending Key (ACTION_UP): 82    // KEYCODE_MENU
Sleeping for 500 milliseconds
:Sending Trackball (ACTION_MOVE): 0:(-3.0,2.0)
:Sending Trackball (ACTION_MOVE): 0:(4.0,2.0)
:Sending Trackball (ACTION_MOVE): 0:(-2.0,1.0)
:Sending Trackball (ACTION_MOVE): 0:(-2.0,-5.0)
:Sending Trackball (ACTION_MOVE): 0:(-2.0,2.0)
:Sending Trackball (ACTION_MOVE): 0:(-3.0,-4.0)
:Sending Trackball (ACTION_MOVE): 0:(-4.0,-4.0)
:Sending Trackball (ACTION_MOVE): 0:(1.0,-1.0)
:Sending Trackball (ACTION_MOVE): 0:(-2.0,3.0)
:Sending Trackball (ACTION_MOVE): 0:(1.0,4.0)
:Sending Trackball (ACTION_DOWN): 0:(0.0,0.0)
:Sending Trackball (ACTION_UP): 0:(0.0,0.0)
Sleeping for 500 milliseconds
:Sending Trackball (ACTION_MOVE): 0:(-3.0,-5.0)
:Sending Trackball (ACTION_MOVE): 0:(-4.0,-2.0)
:Sending Trackball (ACTION_MOVE): 0:(4.0,3.0)
:Sending Trackball (ACTION_MOVE): 0:(-4.0,-3.0)
:Sending Trackball (ACTION_MOVE): 0:(0.0,2.0)
:Sending Trackball (ACTION_MOVE): 0:(-4.0,-5.0)
:Sending Trackball (ACTION_MOVE): 0:(3.0,-5.0)
:Sending Trackball (ACTION_MOVE): 0:(-5.0,1.0)
:Sending Trackball (ACTION_MOVE): 0:(1.0,2.0)
:Sending Trackball (ACTION_MOVE): 0:(-5.0,-2.0)
:Sending Key (ACTION_DOWN): 495    // 495
:Sending Key (ACTION_UP): 495    // 495
Sleeping for 500 milliseconds
:Sending Trackball (ACTION_MOVE): 0:(0.0,-1.0)
:Sending Trackball (ACTION_MOVE): 0:(0.0,-5.0)
:Sending Trackball (ACTION_MOVE): 0:(1.0,-3.0)
:Sending Trackball (ACTION_MOVE): 0:(-3.0,-2.0)
:Sending Trackball (ACTION_MOVE): 0:(1.0,-4.0)
:Sending Trackball (ACTION_MOVE): 0:(3.0,-5.0)
:Sending Trackball (ACTION_MOVE): 0:(1.0,3.0)
:Sending Trackball (ACTION_MOVE): 0:(-4.0,-5.0)
:Sending Trackball (ACTION_MOVE): 0:(2.0,-1.0)
:Sending Trackball (ACTION_MOVE): 0:(2.0,-3.0)
:Sending Key (ACTION_DOWN): 22    // KEYCODE_DPAD_RIGHT
:Sending Key (ACTION_UP): 22    // KEYCODE_DPAD_RIGHT
Sleeping for 500 milliseconds
:Sending Touch (ACTION_DOWN): 0:(457.0,1487.0)
:Sending Touch (ACTION_UP): 0:(441.74655,1503.4806)
Sleeping for 500 milliseconds
:Sending Key (ACTION_DOWN): 22    // KEYCODE_DPAD_RIGHT
:Sending Key (ACTION_UP): 22    // KEYCODE_DPAD_RIGHT
Sleeping for 500 milliseconds
:Sending Key (ACTION_DOWN): 19    // KEYCODE_DPAD_UP
:Sending Key (ACTION_UP): 19    // KEYCODE_DPAD_UP
Sleeping for 500 milliseconds
:Sending Key (ACTION_DOWN): 23    // KEYCODE_DPAD_CENTER
:Sending Key (ACTION_UP): 23    // KEYCODE_DPAD_CENTER
Sleeping for 500 milliseconds
:Sending Key (ACTION_DOWN): 19    // KEYCODE_DPAD_UP
:Sending Key (ACTION_UP): 19    // KEYCODE_DPAD_UP
Sleeping for 500 milliseconds
:Sending Key (ACTION_DOWN): 21    // KEYCODE_DPAD_LEFT
:Sending Key (ACTION_UP): 21    // KEYCODE_DPAD_LEFT
Sleeping for 500 milliseconds
:Sending Key (ACTION_DOWN): 19    // KEYCODE_DPAD_UP
:Sending Key (ACTION_UP): 19    // KEYCODE_DPAD_UP
Sleeping for 500 milliseconds
:Sending Trackball (ACTION_MOVE): 0:(1.0,0.0)
:Sending Trackball (ACTION_MOVE): 0:(0.0,1.0)
:Sending Trackball (ACTION_MOVE): 0:(2.0,-3.0)
:Sending Trackball (ACTION_MOVE): 0:(-3.0,-1.0)
:Sending Trackball (ACTION_MOVE): 0:(4.0,-4.0)
:Sending Trackball (ACTION_MOVE): 0:(-3.0,1.0)
:Sending Trackball (ACTION_MOVE): 0:(3.0,4.0)
:Sending Trackball (ACTION_MOVE): 0:(4.0,1.0)
:Sending Trackball (ACTION_MOVE): 0:(4.0,2.0)
:Sending Trackball (ACTION_MOVE): 0:(-1.0,1.0)
:Sending Touch (ACTION_DOWN): 0:(279.0,761.0)
:Sending Touch (ACTION_UP): 0:(282.26703,763.3995)
Sleeping for 500 milliseconds
:Sending Trackball (ACTION_MOVE): 0:(1.0,-2.0)
:Sending Trackball (ACTION_MOVE): 0:(3.0,-3.0)
:Sending Trackball (ACTION_MOVE): 0:(3.0,-4.0)
:Sending Trackball (ACTION_MOVE): 0:(2.0,2.0)
:Sending Trackball (ACTION_MOVE): 0:(4.0,0.0)
:Sending Trackball (ACTION_MOVE): 0:(-5.0,-3.0)
:Sending Trackball (ACTION_MOVE): 0:(4.0,-3.0)
:Sending Trackball (ACTION_MOVE): 0:(-5.0,-5.0)
:Sending Trackball (ACTION_MOVE): 0:(4.0,2.0)
:Sending Trackball (ACTION_MOVE): 0:(0.0,-1.0)
:Sending Key (ACTION_DOWN): 21    // KEYCODE_DPAD_LEFT
:Sending Key (ACTION_UP): 21    // KEYCODE_DPAD_LEFT
Sleeping for 500 milliseconds
:Sending Key (ACTION_DOWN): 21    // KEYCODE_DPAD_LEFT
:Sending Key (ACTION_UP): 21    // KEYCODE_DPAD_LEFT
Sleeping for 500 milliseconds
:Sending Touch (ACTION_DOWN): 0:(359.0,542.0)
:Sending Touch (ACTION_MOVE): 0:(366.53082,541.34576)
:Sending Touch (ACTION_MOVE): 0:(368.47995,539.738)
:Sending Touch (ACTION_MOVE): 0:(375.77783,539.4988)
:Sending Touch (ACTION_MOVE): 0:(383.90573,533.2567)
:Sending Touch (ACTION_UP): 0:(389.25458,532.4932)
Sleeping for 500 milliseconds
:Sending Key (ACTION_DOWN): 22    // KEYCODE_DPAD_RIGHT
    //[calendar_time:2022-05-07 18:39:27.767  system_uptime:2218628684]
    // Sending event #200
:Sending Key (ACTION_UP): 22    // KEYCODE_DPAD_RIGHT
Sleeping for 500 milliseconds
:Sending Trackball (ACTION_MOVE): 0:(-2.0,0.0)
:Sending Trackball (ACTION_MOVE): 0:(0.0,1.0)
:Sending Trackball (ACTION_MOVE): 0:(-3.0,-5.0)
:Sending Trackball (ACTION_MOVE): 0:(4.0,3.0)
:Sending Trackball (ACTION_MOVE): 0:(-3.0,0.0)
:Sending Trackball (ACTION_MOVE): 0:(4.0,-1.0)
:Sending Trackball (ACTION_MOVE): 0:(0.0,-4.0)
:Sending Trackball (ACTION_MOVE): 0:(-1.0,4.0)
:Sending Trackball (ACTION_MOVE): 0:(-2.0,-2.0)
:Sending Trackball (ACTION_MOVE): 0:(-2.0,-2.0)
:Sending Key (ACTION_DOWN): 20    // KEYCODE_DPAD_DOWN
:Sending Key (ACTION_UP): 20    // KEYCODE_DPAD_DOWN
Sleeping for 500 milliseconds
:Sending Touch (ACTION_DOWN): 0:(283.0,1045.0)
:Sending Touch (ACTION_UP): 0:(269.42816,1037.578)
Sleeping for 500 milliseconds
:Sending Key (ACTION_DOWN): 19    // KEYCODE_DPAD_UP
:Sending Key (ACTION_UP): 19    // KEYCODE_DPAD_UP
Sleeping for 500 milliseconds
:Sending Touch (ACTION_DOWN): 0:(822.0,203.0)
:Sending Touch (ACTION_MOVE): 0:(813.7719,203.06447)
:Sending Touch (ACTION_MOVE): 0:(798.5187,203.3571)
:Sending Touch (ACTION_UP): 0:(789.4877,203.94344)
Sleeping for 500 milliseconds
:Sending Key (ACTION_DOWN): 25    // KEYCODE_VOLUME_DOWN
:Sending Key (ACTION_UP): 25    // KEYCODE_VOLUME_DOWN
Sleeping for 500 milliseconds
:Sending Touch (ACTION_DOWN): 0:(804.0,84.0)
:Sending Touch (ACTION_POINTER_DOWN 1): 0:(808.86017,81.40661) 1:(575.0,1759.0)
:Sending Touch (ACTION_POINTER_UP 1): 0:(816.4272,73.10296) 1:(581.4055,1756.2026)
:Sending Touch (ACTION_UP): 0:(817.2349,60.82142)
Sleeping for 500 milliseconds
:Sending Touch (ACTION_DOWN): 0:(79.0,686.0)
:Sending Touch (ACTION_MOVE): 0:(78.65943,683.8581)
:Sending Touch (ACTION_MOVE): 0:(77.50341,681.68445)
:Sending Touch (ACTION_UP): 0:(76.42301,676.073)
Sleeping for 500 milliseconds
:Sending Key (ACTION_DOWN): 22    // KEYCODE_DPAD_RIGHT
:Sending Key (ACTION_UP): 22    // KEYCODE_DPAD_RIGHT
Sleeping for 500 milliseconds
:Sending Touch (ACTION_DOWN): 0:(394.0,1339.0)
:Sending Touch (ACTION_MOVE): 0:(380.44287,1326.0728)
:Sending Touch (ACTION_MOVE): 0:(372.33597,1323.8112)
:Sending Touch (ACTION_MOVE): 0:(361.5852,1306.2654)
:Sending Touch (ACTION_MOVE): 0:(355.99768,1297.057)
:Sending Touch (ACTION_MOVE): 0:(353.6418,1288.0266)
:Sending Touch (ACTION_MOVE): 0:(349.62283,1287.1189)
:Sending Touch (ACTION_MOVE): 0:(339.0987,1278.4014)
:Sending Touch (ACTION_MOVE): 0:(326.68652,1258.3014)
:Sending Touch (ACTION_MOVE): 0:(311.86435,1251.4982)
:Sending Touch (ACTION_UP): 0:(302.7001,1229.9327)
Sleeping for 500 milliseconds
:Sending Key (ACTION_DOWN): 20    // KEYCODE_DPAD_DOWN
:Sending Key (ACTION_UP): 20    // KEYCODE_DPAD_DOWN
Sleeping for 500 milliseconds
:Sending Key (ACTION_DOWN): 23    // KEYCODE_DPAD_CENTER
:Sending Key (ACTION_UP): 23    // KEYCODE_DPAD_CENTER
Sleeping for 500 milliseconds
:Sending Key (ACTION_DOWN): 19    // KEYCODE_DPAD_UP
:Sending Key (ACTION_UP): 19    // KEYCODE_DPAD_UP
Sleeping for 500 milliseconds
:Sending Touch (ACTION_DOWN): 0:(287.0,130.0)
:Sending Touch (ACTION_MOVE): 0:(280.9848,130.77454)
:Sending Touch (ACTION_MOVE): 0:(276.31702,136.0647)
:Sending Touch (ACTION_MOVE): 0:(271.83014,144.03902)
:Sending Touch (ACTION_MOVE): 0:(252.15297,144.85329)
:Sending Touch (ACTION_MOVE): 0:(235.11813,149.34555)
:Sending Touch (ACTION_MOVE): 0:(229.99348,152.0329)
:Sending Touch (ACTION_MOVE): 0:(213.0386,154.5987)
:Sending Touch (ACTION_UP): 0:(205.07947,161.88591)
Sleeping for 500 milliseconds
:Sending Key (ACTION_DOWN): 20    // KEYCODE_DPAD_DOWN
:Sending Key (ACTION_UP): 20    // KEYCODE_DPAD_DOWN
Sleeping for 500 milliseconds
:Sending Touch (ACTION_DOWN): 0:(955.0,210.0)
:Sending Touch (ACTION_UP): 0:(948.7099,212.21129)
Sleeping for 500 milliseconds
:Sending Key (ACTION_DOWN): 493    // 493
:Sending Key (ACTION_UP): 493    // 493
Sleeping for 500 milliseconds
:Sending Key (ACTION_DOWN): 21    // KEYCODE_DPAD_LEFT
:Sending Key (ACTION_UP): 21    // KEYCODE_DPAD_LEFT
Sleeping for 500 milliseconds
:Sending Key (ACTION_DOWN): 21    // KEYCODE_DPAD_LEFT
:Sending Key (ACTION_UP): 21    // KEYCODE_DPAD_LEFT
Sleeping for 500 milliseconds
:Sending Touch (ACTION_DOWN): 0:(782.0,1780.0)
:Sending Touch (ACTION_UP): 0:(785.76074,1762.1869)
Sleeping for 500 milliseconds
:Sending Touch (ACTION_DOWN): 0:(717.0,937.0)
:Sending Touch (ACTION_UP): 0:(713.68207,924.26825)
Sleeping for 500 milliseconds
:Sending Key (ACTION_DOWN): 21    // KEYCODE_DPAD_LEFT
:Sending Key (ACTION_UP): 21    // KEYCODE_DPAD_LEFT
Sleeping for 500 milliseconds
:Sending Key (ACTION_DOWN): 680    // 680
:Sending Key (ACTION_UP): 680    // 680
Sleeping for 500 milliseconds
:Sending Touch (ACTION_DOWN): 0:(305.0,245.0)
:Sending Touch (ACTION_MOVE): 0:(298.47894,251.0093)
:Sending Touch (ACTION_MOVE): 0:(292.55258,257.60962)
:Sending Touch (ACTION_MOVE): 0:(286.0986,262.55884)
:Sending Touch (ACTION_MOVE): 0:(279.4127,266.18182)
:Sending Touch (ACTION_MOVE): 0:(279.1701,276.66446)
:Sending Touch (ACTION_MOVE): 0:(271.17014,292.10782)
:Sending Touch (ACTION_MOVE): 0:(264.82004,305.9654)
:Sending Touch (ACTION_MOVE): 0:(258.55447,320.09)
:Sending Touch (ACTION_MOVE): 0:(254.3805,329.72464)
:Sending Touch (ACTION_UP): 0:(245.95525,343.6181)
Sleeping for 500 milliseconds
:Sending Key (ACTION_DOWN): 419    // 419
:Sending Key (ACTION_UP): 419    // 419
Sleeping for 500 milliseconds
:Sending Trackball (ACTION_MOVE): 0:(-4.0,4.0)
:Sending Trackball (ACTION_MOVE): 0:(2.0,3.0)
:Sending Trackball (ACTION_MOVE): 0:(0.0,1.0)
:Sending Trackball (ACTION_MOVE): 0:(2.0,-1.0)
:Sending Trackball (ACTION_MOVE): 0:(-1.0,-5.0)
:Sending Trackball (ACTION_MOVE): 0:(2.0,-4.0)
:Sending Trackball (ACTION_MOVE): 0:(-3.0,1.0)
:Sending Trackball (ACTION_MOVE): 0:(-5.0,-5.0)
:Sending Trackball (ACTION_MOVE): 0:(3.0,-1.0)
:Sending Trackball (ACTION_MOVE): 0:(-5.0,0.0)
    //[calendar_time:2022-05-07 18:39:42.785  system_uptime:2218643702]
    // Sending event #300
:Sending Key (ACTION_DOWN): 82    // KEYCODE_MENU
:Sending Key (ACTION_UP): 82    // KEYCODE_MENU
Sleeping for 500 milliseconds
:Sending Touch (ACTION_DOWN): 0:(624.0,967.0)
:Sending Touch (ACTION_UP): 0:(618.6457,976.5381)
Sleeping for 500 milliseconds
:Sending Key (ACTION_DOWN): 19    // KEYCODE_DPAD_UP
:Sending Key (ACTION_UP): 19    // KEYCODE_DPAD_UP
Sleeping for 500 milliseconds
:Sending Trackball (ACTION_MOVE): 0:(-4.0,-4.0)
:Sending Trackball (ACTION_MOVE): 0:(-4.0,-4.0)
:Sending Trackball (ACTION_MOVE): 0:(-3.0,-5.0)
:Sending Trackball (ACTION_MOVE): 0:(2.0,-1.0)
:Sending Trackball (ACTION_MOVE): 0:(1.0,-4.0)
:Sending Trackball (ACTION_MOVE): 0:(-2.0,0.0)
:Sending Trackball (ACTION_MOVE): 0:(-3.0,-1.0)
:Sending Trackball (ACTION_MOVE): 0:(2.0,1.0)
:Sending Trackball (ACTION_MOVE): 0:(-2.0,-1.0)
:Sending Trackball (ACTION_MOVE): 0:(-4.0,-5.0)
:Sending Key (ACTION_DOWN): 19    // KEYCODE_DPAD_UP
:Sending Key (ACTION_UP): 19    // KEYCODE_DPAD_UP
Sleeping for 500 milliseconds
:Sending Touch (ACTION_DOWN): 0:(42.0,1417.0)
:Sending Touch (ACTION_MOVE): 0:(51.937347,1408.2573)
:Sending Touch (ACTION_MOVE): 0:(64.3791,1399.4233)
:Sending Touch (ACTION_MOVE): 0:(74.44255,1398.9924)
:Sending Touch (ACTION_UP): 0:(87.491165,1389.3184)
Sleeping for 500 milliseconds
:Sending Key (ACTION_DOWN): 19    // KEYCODE_DPAD_UP
:Sending Key (ACTION_UP): 19    // KEYCODE_DPAD_UP
Sleeping for 500 milliseconds
:Sending Key (ACTION_DOWN): 20    // KEYCODE_DPAD_DOWN
:Sending Key (ACTION_UP): 20    // KEYCODE_DPAD_DOWN
Sleeping for 500 milliseconds
:Sending Key (ACTION_DOWN): 21    // KEYCODE_DPAD_LEFT
:Sending Key (ACTION_UP): 21    // KEYCODE_DPAD_LEFT
Sleeping for 500 milliseconds
:Sending Key (ACTION_DOWN): 20    // KEYCODE_DPAD_DOWN
:Sending Key (ACTION_UP): 20    // KEYCODE_DPAD_DOWN
Sleeping for 500 milliseconds
:Sending Touch (ACTION_DOWN): 0:(1037.0,1524.0)
:Sending Touch (ACTION_UP): 0:(1036.118,1523.6755)
Sleeping for 500 milliseconds
:Sending Touch (ACTION_DOWN): 0:(386.0,277.0)
:Sending Touch (ACTION_MOVE): 0:(385.5939,276.54837)
:Sending Touch (ACTION_MOVE): 0:(385.4321,276.50827)
:Sending Touch (ACTION_MOVE): 0:(378.89642,276.35068)
:Sending Touch (ACTION_MOVE): 0:(375.38,275.83987)
:Sending Touch (ACTION_UP): 0:(362.9987,275.6885)
Sleeping for 500 milliseconds
:Sending Touch (ACTION_DOWN): 0:(892.0,50.0)
:Sending Touch (ACTION_POINTER_DOWN 1): 0:(886.0012,65.91228) 1:(980.0,231.0)
:Sending Touch (ACTION_MOVE): 0:(878.0676,66.57393) 1:(980.14465,228.361)
:Sending Touch (ACTION_POINTER_UP 1): 0:(870.22284,70.96167) 1:(983.21,225.18762)
:Sending Touch (ACTION_UP): 0:(864.0636,83.368866)
Sleeping for 500 milliseconds
:Sending Key (ACTION_DOWN): 19    // KEYCODE_DPAD_UP
:Sending Key (ACTION_UP): 19    // KEYCODE_DPAD_UP
Sleeping for 500 milliseconds
:Sending Flip keyboardOpen=false
Got IOException performing flipjava.io.IOException: write failed: EINVAL (Invalid argument)
    // Injection Failed
Sleeping for 500 milliseconds
:Sending Key (ACTION_DOWN): 25    // KEYCODE_VOLUME_DOWN
:Sending Key (ACTION_UP): 25    // KEYCODE_VOLUME_DOWN
Sleeping for 500 milliseconds
:Sending Touch (ACTION_DOWN): 0:(642.0,1312.0)
:Sending Touch (ACTION_UP): 0:(638.5187,1309.732)
Sleeping for 500 milliseconds
:Sending Key (ACTION_DOWN): 17    // KEYCODE_STAR
:Sending Key (ACTION_UP): 17    // KEYCODE_STAR
Sleeping for 500 milliseconds
:Sending Trackball (ACTION_MOVE): 0:(-2.0,-2.0)
:Sending Trackball (ACTION_MOVE): 0:(1.0,-5.0)
:Sending Trackball (ACTION_MOVE): 0:(-4.0,-1.0)
:Sending Trackball (ACTION_MOVE): 0:(-5.0,4.0)
:Sending Trackball (ACTION_MOVE): 0:(3.0,4.0)
:Sending Trackball (ACTION_MOVE): 0:(4.0,2.0)
:Sending Trackball (ACTION_MOVE): 0:(-1.0,-5.0)
:Sending Trackball (ACTION_MOVE): 0:(-5.0,-5.0)
:Sending Trackball (ACTION_MOVE): 0:(-3.0,-3.0)
:Sending Trackball (ACTION_MOVE): 0:(2.0,-1.0)
:Sending Touch (ACTION_DOWN): 0:(646.0,1795.0)
:Sending Touch (ACTION_UP): 0:(641.57007,1800.0)
Sleeping for 500 milliseconds
:Sending Trackball (ACTION_MOVE): 0:(3.0,2.0)
:Sending Trackball (ACTION_MOVE): 0:(-3.0,-4.0)
:Sending Trackball (ACTION_MOVE): 0:(3.0,4.0)
:Sending Trackball (ACTION_MOVE): 0:(0.0,-5.0)
:Sending Trackball (ACTION_MOVE): 0:(3.0,-2.0)
:Sending Trackball (ACTION_MOVE): 0:(-2.0,3.0)
:Sending Trackball (ACTION_MOVE): 0:(0.0,-2.0)
:Sending Trackball (ACTION_MOVE): 0:(-2.0,-4.0)
:Sending Trackball (ACTION_MOVE): 0:(0.0,-5.0)
:Sending Trackball (ACTION_MOVE): 0:(-2.0,1.0)
:Sending Touch (ACTION_DOWN): 0:(379.0,1163.0)
:Sending Touch (ACTION_MOVE): 0:(378.51636,1162.8041)
:Sending Touch (ACTION_MOVE): 0:(376.81424,1162.4587)
:Sending Touch (ACTION_MOVE): 0:(375.69696,1162.3102)
:Sending Touch (ACTION_MOVE): 0:(373.93872,1162.2911)
:Sending Touch (ACTION_MOVE): 0:(370.2986,1162.1705)
:Sending Touch (ACTION_MOVE): 0:(365.20413,1161.9803)
:Sending Touch (ACTION_MOVE): 0:(361.59555,1161.6412)
:Sending Touch (ACTION_MOVE): 0:(357.80737,1161.3751)
:Sending Touch (ACTION_MOVE): 0:(356.1582,1161.2993)
:Sending Touch (ACTION_UP): 0:(354.18573,1161.2015)
Sleeping for 500 milliseconds
:Sending Touch (ACTION_DOWN): 0:(213.0,619.0)
:Sending Touch (ACTION_UP): 0:(213.59833,611.84235)
Sleeping for 500 milliseconds
:Sending Key (ACTION_DOWN): 23    // KEYCODE_DPAD_CENTER
:Sending Key (ACTION_UP): 23    // KEYCODE_DPAD_CENTER
Sleeping for 500 milliseconds
:Sending Key (ACTION_DOWN): 25    // KEYCODE_VOLUME_DOWN
:Sending Key (ACTION_UP): 25    // KEYCODE_VOLUME_DOWN
Sleeping for 500 milliseconds
:Sending Touch (ACTION_DOWN): 0:(589.0,945.0)
:Sending Touch (ACTION_UP): 0:(584.3001,934.5142)
Sleeping for 500 milliseconds
:Sending Touch (ACTION_DOWN): 0:(350.0,592.0)
:Sending Touch (ACTION_MOVE): 0:(361.91458,615.68805)
:Sending Touch (ACTION_MOVE): 0:(367.07556,622.33044)
:Sending Touch (ACTION_MOVE): 0:(368.31592,625.55884)
:Sending Touch (ACTION_UP): 0:(379.70584,637.68646)
Sleeping for 500 milliseconds
:Sending Touch (ACTION_DOWN): 0:(784.0,1358.0)
    //[calendar_time:2022-05-07 18:39:56.841  system_uptime:2218657758]
    // Sending event #400
:Sending Touch (ACTION_UP): 0:(769.94525,1355.9254)
Sleeping for 500 milliseconds
:Sending Touch (ACTION_DOWN): 0:(560.0,770.0)
:Sending Touch (ACTION_MOVE): 0:(566.71216,770.2597)
:Sending Touch (ACTION_MOVE): 0:(568.6592,777.5083)
:Sending Touch (ACTION_MOVE): 0:(576.068,784.45105)
:Sending Touch (ACTION_UP): 0:(582.763,790.35535)
Sleeping for 500 milliseconds
:Sending Key (ACTION_DOWN): 21    // KEYCODE_DPAD_LEFT
:Sending Key (ACTION_UP): 21    // KEYCODE_DPAD_LEFT
Sleeping for 500 milliseconds
:Sending Key (ACTION_DOWN): 23    // KEYCODE_DPAD_CENTER
:Sending Key (ACTION_UP): 23    // KEYCODE_DPAD_CENTER
Sleeping for 500 milliseconds
:Sending Key (ACTION_DOWN): 19    // KEYCODE_DPAD_UP
:Sending Key (ACTION_UP): 19    // KEYCODE_DPAD_UP
Sleeping for 500 milliseconds
:Sending Touch (ACTION_DOWN): 0:(556.0,919.0)
:Sending Touch (ACTION_UP): 0:(564.2076,917.9961)
Sleeping for 500 milliseconds
:Sending Touch (ACTION_DOWN): 0:(911.0,471.0)
:Sending Touch (ACTION_UP): 0:(907.0784,481.8127)
Sleeping for 500 milliseconds
:Sending Key (ACTION_DOWN): 21    // KEYCODE_DPAD_LEFT
:Sending Key (ACTION_UP): 21    // KEYCODE_DPAD_LEFT
Sleeping for 500 milliseconds
:Sending Trackball (ACTION_MOVE): 0:(2.0,3.0)
:Sending Trackball (ACTION_MOVE): 0:(-3.0,4.0)
:Sending Trackball (ACTION_MOVE): 0:(2.0,-1.0)
:Sending Trackball (ACTION_MOVE): 0:(-5.0,-2.0)
:Sending Trackball (ACTION_MOVE): 0:(-2.0,4.0)
:Sending Trackball (ACTION_MOVE): 0:(3.0,2.0)
:Sending Trackball (ACTION_MOVE): 0:(1.0,2.0)
:Sending Trackball (ACTION_MOVE): 0:(1.0,1.0)
:Sending Trackball (ACTION_MOVE): 0:(0.0,1.0)
:Sending Trackball (ACTION_MOVE): 0:(-1.0,-5.0)
:Sending Trackball (ACTION_MOVE): 0:(0.0,-3.0)
:Sending Trackball (ACTION_MOVE): 0:(4.0,-2.0)
:Sending Trackball (ACTION_MOVE): 0:(-3.0,0.0)
:Sending Trackball (ACTION_MOVE): 0:(3.0,-1.0)
:Sending Trackball (ACTION_MOVE): 0:(-3.0,-4.0)
:Sending Trackball (ACTION_MOVE): 0:(-3.0,3.0)
:Sending Trackball (ACTION_MOVE): 0:(4.0,-1.0)
:Sending Trackball (ACTION_MOVE): 0:(3.0,-3.0)
:Sending Trackball (ACTION_MOVE): 0:(-2.0,4.0)
:Sending Trackball (ACTION_MOVE): 0:(0.0,4.0)
:Sending Touch (ACTION_DOWN): 0:(850.0,23.0)
:Sending Touch (ACTION_MOVE): 0:(833.6676,34.363033)
:Sending Touch (ACTION_MOVE): 0:(819.38513,36.977768)
:Sending Touch (ACTION_MOVE): 0:(814.8512,47.204197)
:Sending Touch (ACTION_MOVE): 0:(801.2399,48.635197)
:Sending Touch (ACTION_MOVE): 0:(791.68896,60.409676)
:Sending Touch (ACTION_MOVE): 0:(775.90955,62.175224)
:Sending Touch (ACTION_MOVE): 0:(775.90466,73.73179)
:Sending Touch (ACTION_UP): 0:(761.86426,80.15836)
Sleeping for 500 milliseconds
:Sending Key (ACTION_DOWN): 19    // KEYCODE_DPAD_UP
:Sending Key (ACTION_UP): 19    // KEYCODE_DPAD_UP
Sleeping for 500 milliseconds
:Sending Key (ACTION_DOWN): 23    // KEYCODE_DPAD_CENTER
:Sending Key (ACTION_UP): 23    // KEYCODE_DPAD_CENTER
Sleeping for 500 milliseconds
:Sending Key (ACTION_DOWN): 24    // KEYCODE_VOLUME_UP
:Sending Key (ACTION_UP): 24    // KEYCODE_VOLUME_UP
Sleeping for 500 milliseconds
:Sending Key (ACTION_DOWN): 21    // KEYCODE_DPAD_LEFT
:Sending Key (ACTION_UP): 21    // KEYCODE_DPAD_LEFT
Sleeping for 500 milliseconds
:Sending Trackball (ACTION_MOVE): 0:(4.0,0.0)
:Sending Trackball (ACTION_MOVE): 0:(-1.0,-3.0)
:Sending Trackball (ACTION_MOVE): 0:(-5.0,-5.0)
:Sending Trackball (ACTION_MOVE): 0:(2.0,-3.0)
:Sending Trackball (ACTION_MOVE): 0:(4.0,2.0)
:Sending Trackball (ACTION_MOVE): 0:(-4.0,-4.0)
:Sending Trackball (ACTION_MOVE): 0:(0.0,3.0)
:Sending Trackball (ACTION_MOVE): 0:(0.0,4.0)
:Sending Trackball (ACTION_MOVE): 0:(-2.0,2.0)
:Sending Trackball (ACTION_MOVE): 0:(-3.0,1.0)
:Sending Trackball (ACTION_MOVE): 0:(-4.0,-5.0)
:Sending Trackball (ACTION_MOVE): 0:(-1.0,-4.0)
:Sending Trackball (ACTION_MOVE): 0:(-1.0,1.0)
:Sending Trackball (ACTION_MOVE): 0:(3.0,4.0)
:Sending Trackball (ACTION_MOVE): 0:(-1.0,-4.0)
:Sending Trackball (ACTION_MOVE): 0:(3.0,-4.0)
:Sending Trackball (ACTION_MOVE): 0:(-2.0,0.0)
:Sending Trackball (ACTION_MOVE): 0:(0.0,0.0)
:Sending Trackball (ACTION_MOVE): 0:(3.0,2.0)
:Sending Trackball (ACTION_MOVE): 0:(0.0,4.0)
:Sending Key (ACTION_DOWN): 21    // KEYCODE_DPAD_LEFT
:Sending Key (ACTION_UP): 21    // KEYCODE_DPAD_LEFT
Sleeping for 500 milliseconds
:Sending Key (ACTION_DOWN): 22    // KEYCODE_DPAD_RIGHT
:Sending Key (ACTION_UP): 22    // KEYCODE_DPAD_RIGHT
Sleeping for 500 milliseconds
:Sending Trackball (ACTION_MOVE): 0:(-1.0,2.0)
:Sending Trackball (ACTION_MOVE): 0:(-1.0,-4.0)
:Sending Trackball (ACTION_MOVE): 0:(-2.0,-2.0)
:Sending Trackball (ACTION_MOVE): 0:(-3.0,-5.0)
:Sending Trackball (ACTION_MOVE): 0:(0.0,0.0)
:Sending Trackball (ACTION_MOVE): 0:(2.0,-3.0)
:Sending Trackball (ACTION_MOVE): 0:(4.0,3.0)
:Sending Trackball (ACTION_MOVE): 0:(-4.0,-4.0)
:Sending Trackball (ACTION_MOVE): 0:(3.0,-5.0)
:Sending Trackball (ACTION_MOVE): 0:(4.0,2.0)
:Sending Key (ACTION_DOWN): 21    // KEYCODE_DPAD_LEFT
:Sending Key (ACTION_UP): 21    // KEYCODE_DPAD_LEFT
Sleeping for 500 milliseconds
:Sending Key (ACTION_DOWN): 535    // 535
:Sending Key (ACTION_UP): 535    // 535
Sleeping for 500 milliseconds
:Sending Trackball (ACTION_MOVE): 0:(-2.0,-5.0)
:Sending Trackball (ACTION_MOVE): 0:(-5.0,4.0)
:Sending Trackball (ACTION_MOVE): 0:(2.0,3.0)
:Sending Trackball (ACTION_MOVE): 0:(-2.0,-4.0)
:Sending Trackball (ACTION_MOVE): 0:(3.0,-4.0)
:Sending Trackball (ACTION_MOVE): 0:(4.0,-4.0)
:Sending Trackball (ACTION_MOVE): 0:(3.0,1.0)
    //[calendar_time:2022-05-07 18:40:06.538  system_uptime:2218667455]
    // Sending event #500
:Sending Trackball (ACTION_MOVE): 0:(-1.0,1.0)
:Sending Trackball (ACTION_MOVE): 0:(4.0,-5.0)
:Sending Trackball (ACTION_MOVE): 0:(4.0,-4.0)
:Switch: #Intent;action=android.intent.action.MAIN;category=android.intent.category.LAUNCHER;launchFlags=0x10200000;component=com.hcp.flaget/.ui.SplashActivity;end
    // Allowing start of Intent { act=android.intent.action.MAIN cat=[android.intent.category.LAUNCHER] cmp=com.hcp.flaget/.ui.SplashActivity } in package com.hcp.flaget
Sleeping for 500 milliseconds
:Sending Key (ACTION_DOWN): 23    // KEYCODE_DPAD_CENTER
:Sending Key (ACTION_UP): 23    // KEYCODE_DPAD_CENTER
Sleeping for 500 milliseconds
:Sending Key (ACTION_DOWN): 665    // 665
:Sending Key (ACTION_UP): 665    // 665
Sleeping for 500 milliseconds
:Sending Key (ACTION_DOWN): 32    // KEYCODE_D
:Sending Key (ACTION_UP): 32    // KEYCODE_D
Sleeping for 500 milliseconds
:Sending Key (ACTION_DOWN): 20    // KEYCODE_DPAD_DOWN
:Sending Key (ACTION_UP): 20    // KEYCODE_DPAD_DOWN
Sleeping for 500 milliseconds
:Sending Trackball (ACTION_MOVE): 0:(-1.0,3.0)
:Sending Trackball (ACTION_MOVE): 0:(1.0,3.0)
:Sending Trackball (ACTION_MOVE): 0:(2.0,-2.0)
:Sending Trackball (ACTION_MOVE): 0:(-2.0,-5.0)
:Sending Trackball (ACTION_MOVE): 0:(2.0,-4.0)
:Sending Trackball (ACTION_MOVE): 0:(2.0,2.0)
:Sending Trackball (ACTION_MOVE): 0:(1.0,-1.0)
:Sending Trackball (ACTION_MOVE): 0:(-1.0,-1.0)
:Sending Trackball (ACTION_MOVE): 0:(-5.0,-3.0)
:Sending Trackball (ACTION_MOVE): 0:(-1.0,-4.0)
:Sending Key (ACTION_DOWN): 82    // KEYCODE_MENU
:Sending Key (ACTION_UP): 82    // KEYCODE_MENU
Sleeping for 500 milliseconds
:Sending Key (ACTION_DOWN): 82    // KEYCODE_MENU
:Sending Key (ACTION_UP): 82    // KEYCODE_MENU
Sleeping for 500 milliseconds
:Sending Key (ACTION_DOWN): 82    // KEYCODE_MENU
:Sending Key (ACTION_UP): 82    // KEYCODE_MENU
Sleeping for 500 milliseconds
:Sending Touch (ACTION_DOWN): 0:(92.0,98.0)
:Sending Touch (ACTION_MOVE): 0:(99.35401,77.673744)
:Sending Touch (ACTION_MOVE): 0:(109.63249,61.832287)
:Sending Touch (ACTION_MOVE): 0:(120.02927,42.712738)
:Sending Touch (ACTION_MOVE): 0:(129.6994,25.76129)
:Sending Touch (ACTION_MOVE): 0:(141.7921,23.822916)
:Sending Touch (ACTION_MOVE): 0:(151.6877,6.7919273)
:Sending Touch (ACTION_MOVE): 0:(160.96815,5.712309)
:Sending Touch (ACTION_MOVE): 0:(168.22144,2.3210828)
:Sending Touch (ACTION_MOVE): 0:(179.77487,0.0)
:Sending Touch (ACTION_UP): 0:(192.86667,0.0)
Sleeping for 500 milliseconds
:Sending Key (ACTION_DOWN): 22    // KEYCODE_DPAD_RIGHT
:Sending Key (ACTION_UP): 22    // KEYCODE_DPAD_RIGHT
Sleeping for 500 milliseconds
:Sending Trackball (ACTION_MOVE): 0:(4.0,-1.0)
:Sending Trackball (ACTION_MOVE): 0:(-5.0,-5.0)
:Sending Trackball (ACTION_MOVE): 0:(-5.0,3.0)
:Sending Trackball (ACTION_MOVE): 0:(3.0,3.0)
:Sending Trackball (ACTION_MOVE): 0:(2.0,-4.0)
:Sending Trackball (ACTION_MOVE): 0:(3.0,2.0)
:Sending Trackball (ACTION_MOVE): 0:(0.0,1.0)
:Sending Trackball (ACTION_MOVE): 0:(1.0,0.0)
:Sending Trackball (ACTION_MOVE): 0:(0.0,-2.0)
:Sending Trackball (ACTION_MOVE): 0:(3.0,4.0)
:Sending Touch (ACTION_DOWN): 0:(669.0,795.0)
:Sending Touch (ACTION_UP): 0:(667.63007,792.0136)
Sleeping for 500 milliseconds
    // Rejecting start of Intent { act=com.daimajia.gold.pushsdk.action cmp=com.daimajia.gold/com.bytedance.push.notification.PushActivity } in package com.daimajia.gold
:Sending Touch (ACTION_DOWN): 0:(872.0,934.0)
:Sending Touch (ACTION_UP): 0:(871.50165,932.34845)
Sleeping for 500 milliseconds
:Sending Key (ACTION_DOWN): 19    // KEYCODE_DPAD_UP
:Sending Key (ACTION_UP): 19    // KEYCODE_DPAD_UP
Sleeping for 500 milliseconds
:Sending Key (ACTION_DOWN): 23    // KEYCODE_DPAD_CENTER
:Sending Key (ACTION_UP): 23    // KEYCODE_DPAD_CENTER
Sleeping for 500 milliseconds
:Sending Touch (ACTION_DOWN): 0:(308.0,1221.0)
:Sending Touch (ACTION_UP): 0:(308.2697,1211.5107)
Sleeping for 500 milliseconds
:Sending Key (ACTION_DOWN): 628    // 628
:Sending Key (ACTION_UP): 628    // 628
Sleeping for 500 milliseconds
:Sending Key (ACTION_DOWN): 82    // KEYCODE_MENU
:Sending Key (ACTION_UP): 82    // KEYCODE_MENU
Sleeping for 500 milliseconds
:Sending Flip keyboardOpen=true
Got IOException performing flipjava.io.IOException: write failed: EINVAL (Invalid argument)
    // Injection Failed
Sleeping for 500 milliseconds
:Sending Key (ACTION_DOWN): 22    // KEYCODE_DPAD_RIGHT
:Sending Key (ACTION_UP): 22    // KEYCODE_DPAD_RIGHT
Sleeping for 500 milliseconds
:Sending Key (ACTION_DOWN): 22    // KEYCODE_DPAD_RIGHT
:Sending Key (ACTION_UP): 22    // KEYCODE_DPAD_RIGHT
Sleeping for 500 milliseconds
:Sending Touch (ACTION_DOWN): 0:(655.0,813.0)
:Sending Touch (ACTION_UP): 0:(648.4584,812.35803)
Sleeping for 500 milliseconds
:Sending Key (ACTION_DOWN): 25    // KEYCODE_VOLUME_DOWN
:Sending Key (ACTION_UP): 25    // KEYCODE_VOLUME_DOWN
Sleeping for 500 milliseconds
:Sending Key (ACTION_DOWN): 21    // KEYCODE_DPAD_LEFT
:Sending Key (ACTION_UP): 21    // KEYCODE_DPAD_LEFT
Sleeping for 500 milliseconds
:Sending Key (ACTION_DOWN): 82    // KEYCODE_MENU
:Sending Key (ACTION_UP): 82    // KEYCODE_MENU
Sleeping for 500 milliseconds
:Sending Key (ACTION_DOWN): 82    // KEYCODE_MENU
:Sending Key (ACTION_UP): 82    // KEYCODE_MENU
Sleeping for 500 milliseconds
:Sending Key (ACTION_DOWN): 23    // KEYCODE_DPAD_CENTER
:Sending Key (ACTION_UP): 23    // KEYCODE_DPAD_CENTER
Sleeping for 500 milliseconds
:Sending Key (ACTION_DOWN): 20    // KEYCODE_DPAD_DOWN
:Sending Key (ACTION_UP): 20    // KEYCODE_DPAD_DOWN
Sleeping for 500 milliseconds
:Sending Touch (ACTION_DOWN): 0:(881.0,854.0)
:Sending Touch (ACTION_UP): 0:(880.77527,849.88654)
Sleeping for 500 milliseconds
:Sending Key (ACTION_DOWN): 21    // KEYCODE_DPAD_LEFT
:Sending Key (ACTION_UP): 21    // KEYCODE_DPAD_LEFT
Sleeping for 500 milliseconds
:Sending Touch (ACTION_DOWN): 0:(612.0,382.0)
:Sending Touch (ACTION_MOVE): 0:(603.03357,375.64056)
:Sending Touch (ACTION_MOVE): 0:(596.5255,369.02863)
:Sending Touch (ACTION_MOVE): 0:(594.7053,361.01224)
:Sending Touch (ACTION_MOVE): 0:(576.8774,351.03217)
:Sending Touch (ACTION_UP): 0:(558.93787,346.25607)
Sleeping for 500 milliseconds
:Sending Key (ACTION_DOWN): 21    // KEYCODE_DPAD_LEFT
:Sending Key (ACTION_UP): 21    // KEYCODE_DPAD_LEFT
Sleeping for 500 milliseconds
:Sending Touch (ACTION_DOWN): 0:(217.0,1197.0)
:Sending Touch (ACTION_MOVE): 0:(217.03146,1181.1942)
:Sending Touch (ACTION_MOVE): 0:(220.31036,1181.0533)
:Sending Touch (ACTION_MOVE): 0:(223.9942,1171.7544)
    //[calendar_time:2022-05-07 18:40:25.399  system_uptime:2218686316]
    // Sending event #600
:Sending Touch (ACTION_MOVE): 0:(224.58395,1155.0889)
:Sending Touch (ACTION_MOVE): 0:(226.97993,1145.4005)
:Sending Touch (ACTION_MOVE): 0:(229.35591,1136.0409)
:Sending Touch (ACTION_UP): 0:(230.52518,1121.6797)
Sleeping for 500 milliseconds
:Sending Key (ACTION_DOWN): 22    // KEYCODE_DPAD_RIGHT
:Sending Key (ACTION_UP): 22    // KEYCODE_DPAD_RIGHT
Sleeping for 500 milliseconds
:Sending Key (ACTION_DOWN): 82    // KEYCODE_MENU
:Sending Key (ACTION_UP): 82    // KEYCODE_MENU
Sleeping for 500 milliseconds
:Sending Key (ACTION_DOWN): 82    // KEYCODE_MENU
:Sending Key (ACTION_UP): 82    // KEYCODE_MENU
Sleeping for 500 milliseconds
:Sending Trackball (ACTION_MOVE): 0:(-1.0,0.0)
:Sending Trackball (ACTION_MOVE): 0:(-5.0,-4.0)
:Sending Trackball (ACTION_MOVE): 0:(-4.0,1.0)
:Sending Trackball (ACTION_MOVE): 0:(1.0,3.0)
:Sending Trackball (ACTION_MOVE): 0:(0.0,0.0)
:Sending Trackball (ACTION_MOVE): 0:(0.0,0.0)
:Sending Trackball (ACTION_MOVE): 0:(-4.0,-3.0)
:Sending Trackball (ACTION_MOVE): 0:(-3.0,-4.0)
:Sending Trackball (ACTION_MOVE): 0:(-2.0,-4.0)
:Sending Trackball (ACTION_MOVE): 0:(-5.0,0.0)
:Sending Key (ACTION_DOWN): 590    // 590
:Sending Key (ACTION_UP): 590    // 590
Sleeping for 500 milliseconds
:Sending Key (ACTION_DOWN): 20    // KEYCODE_DPAD_DOWN
:Sending Key (ACTION_UP): 20    // KEYCODE_DPAD_DOWN
Sleeping for 500 milliseconds
:Switch: #Intent;action=android.intent.action.MAIN;category=android.intent.category.LAUNCHER;launchFlags=0x10200000;component=com.hcp.flaget/.ui.SplashActivity;end
    // Allowing start of Intent { act=android.intent.action.MAIN cat=[android.intent.category.LAUNCHER] cmp=com.hcp.flaget/.ui.SplashActivity } in package com.hcp.flaget
Sleeping for 500 milliseconds
:Sending Key (ACTION_DOWN): 20    // KEYCODE_DPAD_DOWN
:Sending Key (ACTION_UP): 20    // KEYCODE_DPAD_DOWN
Sleeping for 500 milliseconds
:Sending Key (ACTION_DOWN): 20    // KEYCODE_DPAD_DOWN
:Sending Key (ACTION_UP): 20    // KEYCODE_DPAD_DOWN
Sleeping for 500 milliseconds
:Sending Trackball (ACTION_MOVE): 0:(1.0,-3.0)
:Sending Trackball (ACTION_MOVE): 0:(2.0,4.0)
:Sending Trackball (ACTION_MOVE): 0:(-2.0,3.0)
:Sending Trackball (ACTION_MOVE): 0:(-3.0,-2.0)
:Sending Trackball (ACTION_MOVE): 0:(-1.0,-5.0)
:Sending Trackball (ACTION_MOVE): 0:(-3.0,4.0)
:Sending Trackball (ACTION_MOVE): 0:(-5.0,0.0)
:Sending Trackball (ACTION_MOVE): 0:(0.0,-3.0)
:Sending Trackball (ACTION_MOVE): 0:(3.0,-2.0)
:Sending Trackball (ACTION_MOVE): 0:(1.0,-3.0)
:Sending Trackball (ACTION_MOVE): 0:(0.0,3.0)
:Sending Trackball (ACTION_MOVE): 0:(-5.0,-4.0)
:Sending Trackball (ACTION_MOVE): 0:(-1.0,0.0)
:Sending Trackball (ACTION_MOVE): 0:(-4.0,-2.0)
:Sending Trackball (ACTION_MOVE): 0:(-1.0,0.0)
:Sending Trackball (ACTION_MOVE): 0:(2.0,1.0)
:Sending Trackball (ACTION_MOVE): 0:(3.0,-4.0)
:Sending Trackball (ACTION_MOVE): 0:(2.0,0.0)
:Sending Trackball (ACTION_MOVE): 0:(4.0,-2.0)
:Sending Trackball (ACTION_MOVE): 0:(-2.0,4.0)
:Sending Key (ACTION_DOWN): 250    // KEYCODE_TV_INPUT_COMPONENT_2
:Sending Key (ACTION_UP): 250    // KEYCODE_TV_INPUT_COMPONENT_2
Sleeping for 500 milliseconds
:Sending Trackball (ACTION_MOVE): 0:(3.0,3.0)
:Sending Trackball (ACTION_MOVE): 0:(4.0,-4.0)
:Sending Trackball (ACTION_MOVE): 0:(0.0,-4.0)
:Sending Trackball (ACTION_MOVE): 0:(-3.0,-2.0)
:Sending Trackball (ACTION_MOVE): 0:(1.0,-4.0)
:Sending Trackball (ACTION_MOVE): 0:(-5.0,4.0)
:Sending Trackball (ACTION_MOVE): 0:(2.0,4.0)
:Sending Trackball (ACTION_MOVE): 0:(-4.0,1.0)
:Sending Trackball (ACTION_MOVE): 0:(-4.0,-5.0)
:Sending Trackball (ACTION_MOVE): 0:(-4.0,-2.0)
:Sending Key (ACTION_DOWN): 82    // KEYCODE_MENU
:Sending Key (ACTION_UP): 82    // KEYCODE_MENU
Sleeping for 500 milliseconds
:Sending Touch (ACTION_DOWN): 0:(339.0,1207.0)
:Sending Touch (ACTION_UP): 0:(360.104,1217.6428)
Sleeping for 500 milliseconds
:Sending Key (ACTION_DOWN): 20    // KEYCODE_DPAD_DOWN
:Sending Key (ACTION_UP): 20    // KEYCODE_DPAD_DOWN
Sleeping for 500 milliseconds
:Sending Key (ACTION_DOWN): 19    // KEYCODE_DPAD_UP
:Sending Key (ACTION_UP): 19    // KEYCODE_DPAD_UP
Sleeping for 500 milliseconds
:Sending Key (ACTION_DOWN): 20    // KEYCODE_DPAD_DOWN
:Sending Key (ACTION_UP): 20    // KEYCODE_DPAD_DOWN
Sleeping for 500 milliseconds
:Sending Touch (ACTION_DOWN): 0:(454.0,285.0)
:Sending Touch (ACTION_POINTER_DOWN 1): 0:(446.39673,282.6087) 1:(73.0,1543.0)
:Sending Touch (ACTION_MOVE): 0:(430.46637,269.58627) 1:(67.76889,1552.0919)
:Sending Touch (ACTION_MOVE): 0:(418.33417,254.90735) 1:(64.71225,1559.008)
:Sending Touch (ACTION_POINTER_UP 1): 0:(405.41098,245.77487) 1:(64.121216,1567.5782)
:Sending Touch (ACTION_UP): 0:(398.68015,236.09102)
Sleeping for 500 milliseconds
:Sending Touch (ACTION_DOWN): 0:(438.0,925.0)
:Sending Touch (ACTION_UP): 0:(444.35468,933.3543)
Sleeping for 500 milliseconds
:Sending Key (ACTION_DOWN): 194    // KEYCODE_BUTTON_7
:Sending Key (ACTION_UP): 194    // KEYCODE_BUTTON_7
Sleeping for 500 milliseconds
:Sending Touch (ACTION_DOWN): 0:(29.0,209.0)
:Sending Touch (ACTION_MOVE): 0:(33.807262,209.64693)
:Sending Touch (ACTION_MOVE): 0:(43.485527,214.58768)
:Sending Touch (ACTION_MOVE): 0:(47.815872,215.14352)
:Sending Touch (ACTION_MOVE): 0:(49.437828,219.39926)
:Sending Touch (ACTION_MOVE): 0:(57.85674,225.52086)
:Sending Touch (ACTION_MOVE): 0:(61.219013,225.83044)
:Sending Touch (ACTION_UP): 0:(69.37407,231.72148)
Sleeping for 500 milliseconds
:Sending Key (ACTION_DOWN): 22    // KEYCODE_DPAD_RIGHT
:Sending Key (ACTION_UP): 22    // KEYCODE_DPAD_RIGHT
Sleeping for 500 milliseconds
:Sending Touch (ACTION_DOWN): 0:(987.0,428.0)
:Sending Touch (ACTION_UP): 0:(980.28577,432.6574)
Sleeping for 500 milliseconds
:Sending Key (ACTION_DOWN): 21    // KEYCODE_DPAD_LEFT
:Sending Key (ACTION_UP): 21    // KEYCODE_DPAD_LEFT
Sleeping for 500 milliseconds
:Sending Trackball (ACTION_MOVE): 0:(2.0,-3.0)
:Sending Trackball (ACTION_MOVE): 0:(-4.0,-2.0)
:Sending Trackball (ACTION_MOVE): 0:(3.0,-2.0)
:Sending Trackball (ACTION_MOVE): 0:(0.0,-4.0)
:Sending Trackball (ACTION_MOVE): 0:(-4.0,-2.0)
    //[calendar_time:2022-05-07 18:40:38.108  system_uptime:2218699025]
    // Sending event #700
:Sending Trackball (ACTION_MOVE): 0:(3.0,-5.0)
:Sending Trackball (ACTION_MOVE): 0:(-1.0,-2.0)
:Sending Trackball (ACTION_MOVE): 0:(-2.0,1.0)
:Sending Trackball (ACTION_MOVE): 0:(1.0,0.0)
:Sending Trackball (ACTION_MOVE): 0:(3.0,3.0)
:Sending Key (ACTION_DOWN): 22    // KEYCODE_DPAD_RIGHT
:Sending Key (ACTION_UP): 22    // KEYCODE_DPAD_RIGHT
Sleeping for 500 milliseconds
:Sending Key (ACTION_DOWN): 23    // KEYCODE_DPAD_CENTER
:Sending Key (ACTION_UP): 23    // KEYCODE_DPAD_CENTER
Sleeping for 500 milliseconds
:Sending Key (ACTION_DOWN): 23    // KEYCODE_DPAD_CENTER
:Sending Key (ACTION_UP): 23    // KEYCODE_DPAD_CENTER
Sleeping for 500 milliseconds
:Sending Trackball (ACTION_MOVE): 0:(2.0,-1.0)
:Sending Trackball (ACTION_MOVE): 0:(-1.0,3.0)
:Sending Trackball (ACTION_MOVE): 0:(-4.0,0.0)
:Sending Trackball (ACTION_MOVE): 0:(4.0,-4.0)
:Sending Trackball (ACTION_MOVE): 0:(1.0,4.0)
:Sending Trackball (ACTION_MOVE): 0:(0.0,3.0)
:Sending Trackball (ACTION_MOVE): 0:(4.0,2.0)
:Sending Trackball (ACTION_MOVE): 0:(-3.0,2.0)
:Sending Trackball (ACTION_MOVE): 0:(-5.0,0.0)
:Sending Trackball (ACTION_MOVE): 0:(-2.0,3.0)
:Sending Key (ACTION_DOWN): 563    // 563
:Sending Key (ACTION_UP): 563    // 563
Sleeping for 500 milliseconds
:Sending Trackball (ACTION_MOVE): 0:(-4.0,4.0)
:Sending Trackball (ACTION_MOVE): 0:(1.0,-5.0)
:Sending Trackball (ACTION_MOVE): 0:(0.0,2.0)
:Sending Trackball (ACTION_MOVE): 0:(0.0,1.0)
:Sending Trackball (ACTION_MOVE): 0:(-4.0,-4.0)
:Sending Trackball (ACTION_MOVE): 0:(-1.0,-2.0)
:Sending Trackball (ACTION_MOVE): 0:(-5.0,-4.0)
:Sending Trackball (ACTION_MOVE): 0:(0.0,3.0)
:Sending Trackball (ACTION_MOVE): 0:(-5.0,4.0)
:Sending Trackball (ACTION_MOVE): 0:(-3.0,-5.0)
:Sending Key (ACTION_DOWN): 529    // 529
:Sending Key (ACTION_UP): 529    // 529
Sleeping for 500 milliseconds
:Sending Key (ACTION_DOWN): 21    // KEYCODE_DPAD_LEFT
:Sending Key (ACTION_UP): 21    // KEYCODE_DPAD_LEFT
Sleeping for 500 milliseconds
:Sending Touch (ACTION_DOWN): 0:(620.0,649.0)
:Sending Touch (ACTION_MOVE): 0:(605.889,652.6344)
:Sending Touch (ACTION_MOVE): 0:(588.23975,656.308)
:Sending Touch (ACTION_MOVE): 0:(587.4238,658.13654)
:Sending Touch (ACTION_MOVE): 0:(572.2081,661.53107)
:Sending Touch (ACTION_UP): 0:(558.2946,665.3036)
Sleeping for 500 milliseconds
:Sending Touch (ACTION_DOWN): 0:(324.0,448.0)
:Sending Touch (ACTION_UP): 0:(318.36014,448.6057)
Sleeping for 500 milliseconds
:Sending Key (ACTION_DOWN): 23    // KEYCODE_DPAD_CENTER
:Sending Key (ACTION_UP): 23    // KEYCODE_DPAD_CENTER
Sleeping for 500 milliseconds
:Sending Key (ACTION_DOWN): 25    // KEYCODE_VOLUME_DOWN
:Sending Key (ACTION_UP): 25    // KEYCODE_VOLUME_DOWN
Sleeping for 500 milliseconds
:Sending Touch (ACTION_DOWN): 0:(704.0,1779.0)
:Sending Touch (ACTION_UP): 0:(702.47015,1779.7737)
Sleeping for 500 milliseconds
:Sending Touch (ACTION_DOWN): 0:(999.0,829.0)
:Sending Touch (ACTION_UP): 0:(1000.2734,823.842)
Sleeping for 500 milliseconds
:Sending Touch (ACTION_DOWN): 0:(58.0,1660.0)
:Sending Touch (ACTION_POINTER_DOWN 1): 0:(56.88641,1664.2325) 1:(876.0,5.0)
:Sending Touch (ACTION_MOVE): 0:(49.359444,1666.7817) 1:(868.04333,10.477455)
:Sending Touch (ACTION_MOVE): 0:(32.13192,1669.0803) 1:(862.86304,13.627709)
:Sending Touch (ACTION_MOVE): 0:(21.392931,1675.3872) 1:(850.5929,17.623003)
:Sending Touch (ACTION_MOVE): 0:(0.0,1684.0145) 1:(830.71454,18.79019)
:Sending Touch (ACTION_MOVE): 0:(0.0,1691.4626) 1:(815.80896,20.278778)
:Sending Touch (ACTION_MOVE): 0:(0.0,1699.7344) 1:(804.2141,25.696215)
:Sending Touch (ACTION_MOVE): 0:(0.0,1701.9706) 1:(802.06256,29.683569)
:Sending Touch (ACTION_MOVE): 0:(0.0,1707.0137) 1:(801.2019,33.36137)
:Sending Touch (ACTION_MOVE): 0:(0.0,1713.9229) 1:(781.6969,34.178307)
:Sending Touch (ACTION_POINTER_UP 1): 0:(0.0,1719.949) 1:(781.04266,37.167404)
:Sending Touch (ACTION_UP): 0:(0.0,1721.2397)
Sleeping for 500 milliseconds
:Sending Trackball (ACTION_MOVE): 0:(-2.0,1.0)
:Sending Trackball (ACTION_MOVE): 0:(-1.0,2.0)
:Sending Trackball (ACTION_MOVE): 0:(-3.0,0.0)
:Sending Trackball (ACTION_MOVE): 0:(-1.0,-2.0)
:Sending Trackball (ACTION_MOVE): 0:(-2.0,2.0)
:Sending Trackball (ACTION_MOVE): 0:(-5.0,4.0)
:Sending Trackball (ACTION_MOVE): 0:(3.0,-4.0)
:Sending Trackball (ACTION_MOVE): 0:(4.0,-4.0)
:Sending Trackball (ACTION_MOVE): 0:(4.0,4.0)
:Sending Trackball (ACTION_MOVE): 0:(4.0,-4.0)
:Sending Key (ACTION_DOWN): 20    // KEYCODE_DPAD_DOWN
:Sending Key (ACTION_UP): 20    // KEYCODE_DPAD_DOWN
Sleeping for 500 milliseconds
:Sending Key (ACTION_DOWN): 23    // KEYCODE_DPAD_CENTER
:Sending Key (ACTION_UP): 23    // KEYCODE_DPAD_CENTER
Sleeping for 500 milliseconds
:Sending Key (ACTION_DOWN): 19    // KEYCODE_DPAD_UP
:Sending Key (ACTION_UP): 19    // KEYCODE_DPAD_UP
Sleeping for 500 milliseconds
:Sending Key (ACTION_DOWN): 24    // KEYCODE_VOLUME_UP
:Sending Key (ACTION_UP): 24    // KEYCODE_VOLUME_UP
Sleeping for 500 milliseconds
:Sending Key (ACTION_DOWN): 23    // KEYCODE_DPAD_CENTER
:Sending Key (ACTION_UP): 23    // KEYCODE_DPAD_CENTER
Sleeping for 500 milliseconds
:Sending Touch (ACTION_DOWN): 0:(569.0,1385.0)
:Sending Touch (ACTION_MOVE): 0:(564.41455,1391.1869)
:Sending Touch (ACTION_MOVE): 0:(549.35077,1394.5316)
:Sending Touch (ACTION_MOVE): 0:(542.847,1414.236)
:Sending Touch (ACTION_MOVE): 0:(533.6778,1425.2896)
:Sending Touch (ACTION_MOVE): 0:(520.9973,1436.0173)
:Sending Touch (ACTION_MOVE): 0:(507.4667,1443.186)
:Sending Touch (ACTION_UP): 0:(501.7224,1444.4517)
Sleeping for 500 milliseconds
:Sending Key (ACTION_DOWN): 20    // KEYCODE_DPAD_DOWN
:Sending Key (ACTION_UP): 20    // KEYCODE_DPAD_DOWN
Sleeping for 500 milliseconds
:Sending Key (ACTION_DOWN): 22    // KEYCODE_DPAD_RIGHT
:Sending Key (ACTION_UP): 22    // KEYCODE_DPAD_RIGHT
Sleeping for 500 milliseconds
:Sending Key (ACTION_DOWN): 22    // KEYCODE_DPAD_RIGHT
:Sending Key (ACTION_UP): 22    // KEYCODE_DPAD_RIGHT
    //[calendar_time:2022-05-07 18:40:51.115  system_uptime:2218712032]
    // Sending event #800
Sleeping for 500 milliseconds
    //[calendar_time:2022-05-07 18:40:51.616  system_uptime:2218712533]
    // Sending event #800
:Sending Touch (ACTION_DOWN): 0:(536.0,570.0)
:Sending Touch (ACTION_UP): 0:(535.5279,557.5966)
Sleeping for 500 milliseconds
    // Rejecting start of Intent { act=android.settings.APPLICATION_DEVELOPMENT_SETTINGS hwFlg=0x100 cmp=com.android.settings/.Settings$DevelopmentSettingsActivity } in package com.android.settings
:Sending Key (ACTION_DOWN): 19    // KEYCODE_DPAD_UP
:Sending Key (ACTION_UP): 19    // KEYCODE_DPAD_UP
Sleeping for 500 milliseconds
:Sending Key (ACTION_DOWN): 82    // KEYCODE_MENU
:Sending Key (ACTION_UP): 82    // KEYCODE_MENU
Sleeping for 500 milliseconds
:Sending Key (ACTION_DOWN): 23    // KEYCODE_DPAD_CENTER
:Sending Key (ACTION_UP): 23    // KEYCODE_DPAD_CENTER
Sleeping for 500 milliseconds
:Sending Key (ACTION_DOWN): 19    // KEYCODE_DPAD_UP
:Sending Key (ACTION_UP): 19    // KEYCODE_DPAD_UP
Sleeping for 500 milliseconds
:Sending Trackball (ACTION_MOVE): 0:(2.0,-3.0)
:Sending Trackball (ACTION_MOVE): 0:(-3.0,-2.0)
:Sending Trackball (ACTION_MOVE): 0:(2.0,-3.0)
:Sending Trackball (ACTION_MOVE): 0:(2.0,-3.0)
:Sending Trackball (ACTION_MOVE): 0:(1.0,2.0)
:Sending Trackball (ACTION_MOVE): 0:(0.0,-5.0)
:Sending Trackball (ACTION_MOVE): 0:(-2.0,3.0)
:Sending Trackball (ACTION_MOVE): 0:(-2.0,1.0)
:Sending Trackball (ACTION_MOVE): 0:(-1.0,-2.0)
:Sending Trackball (ACTION_MOVE): 0:(4.0,-1.0)
:Sending Trackball (ACTION_MOVE): 0:(-1.0,-4.0)
:Sending Trackball (ACTION_MOVE): 0:(3.0,-2.0)
:Sending Trackball (ACTION_MOVE): 0:(4.0,-4.0)
:Sending Trackball (ACTION_MOVE): 0:(-2.0,-2.0)
:Sending Trackball (ACTION_MOVE): 0:(-4.0,4.0)
:Sending Trackball (ACTION_MOVE): 0:(-3.0,3.0)
:Sending Trackball (ACTION_MOVE): 0:(-3.0,3.0)
:Sending Trackball (ACTION_MOVE): 0:(1.0,3.0)
:Sending Trackball (ACTION_MOVE): 0:(-2.0,-2.0)
:Sending Trackball (ACTION_MOVE): 0:(-2.0,-2.0)
:Sending Trackball (ACTION_DOWN): 0:(0.0,0.0)
:Sending Trackball (ACTION_UP): 0:(0.0,0.0)
Sleeping for 500 milliseconds
:Sending Key (ACTION_DOWN): 438    // 438
:Sending Key (ACTION_UP): 438    // 438
Sleeping for 500 milliseconds
:Sending Key (ACTION_DOWN): 19    // KEYCODE_DPAD_UP
:Sending Key (ACTION_UP): 19    // KEYCODE_DPAD_UP
Sleeping for 500 milliseconds
:Sending Trackball (ACTION_MOVE): 0:(0.0,-4.0)
:Sending Trackball (ACTION_MOVE): 0:(4.0,4.0)
:Sending Trackball (ACTION_MOVE): 0:(-2.0,0.0)
:Sending Trackball (ACTION_MOVE): 0:(-4.0,4.0)
:Sending Trackball (ACTION_MOVE): 0:(-4.0,-4.0)
:Sending Trackball (ACTION_MOVE): 0:(-3.0,-3.0)
:Sending Trackball (ACTION_MOVE): 0:(-2.0,-4.0)
:Sending Trackball (ACTION_MOVE): 0:(4.0,0.0)
:Sending Trackball (ACTION_MOVE): 0:(4.0,0.0)
:Sending Trackball (ACTION_MOVE): 0:(-3.0,-2.0)
:Switch: #Intent;action=android.intent.action.MAIN;category=android.intent.category.LAUNCHER;launchFlags=0x10200000;component=com.hcp.flaget/.ui.SplashActivity;end
    // Allowing start of Intent { act=android.intent.action.MAIN cat=[android.intent.category.LAUNCHER] cmp=com.hcp.flaget/.ui.SplashActivity } in package com.hcp.flaget
Sleeping for 500 milliseconds
:Sending Key (ACTION_DOWN): 21    // KEYCODE_DPAD_LEFT
:Sending Key (ACTION_UP): 21    // KEYCODE_DPAD_LEFT
Sleeping for 500 milliseconds
:Sending Touch (ACTION_DOWN): 0:(602.0,1140.0)
:Sending Touch (ACTION_UP): 0:(602.55817,1136.145)
Sleeping for 500 milliseconds
:Sending Key (ACTION_DOWN): 22    // KEYCODE_DPAD_RIGHT
:Sending Key (ACTION_UP): 22    // KEYCODE_DPAD_RIGHT
Sleeping for 500 milliseconds
:Sending Touch (ACTION_DOWN): 0:(417.0,110.0)
:Sending Touch (ACTION_POINTER_DOWN 1): 0:(423.33115,114.88567) 1:(21.0,349.0)
:Sending Touch (ACTION_MOVE): 0:(427.87943,126.86494) 1:(18.263998,349.4907)
:Sending Touch (ACTION_MOVE): 0:(430.57837,135.34958) 1:(11.302937,350.19168)
:Sending Touch (ACTION_MOVE): 0:(433.1138,138.96858) 1:(0.0,351.4589)
:Sending Touch (ACTION_MOVE): 0:(438.30466,142.6202) 1:(0.0,352.13055)
:Sending Touch (ACTION_MOVE): 0:(442.3807,157.17528) 1:(0.0,353.4291)
:Sending Touch (ACTION_MOVE): 0:(442.53796,167.479) 1:(0.0,353.9286)
:Sending Touch (ACTION_POINTER_UP 1): 0:(444.26758,168.70132) 1:(0.0,354.10983)
:Sending Touch (ACTION_UP): 0:(450.76913,181.6007)
Sleeping for 500 milliseconds
:Sending Touch (ACTION_DOWN): 0:(1030.0,1291.0)
:Sending Touch (ACTION_MOVE): 0:(1047.7155,1272.1725)
:Sending Touch (ACTION_MOVE): 0:(1062.2588,1262.2797)
:Sending Touch (ACTION_MOVE): 0:(1063.4766,1258.0154)
:Sending Touch (ACTION_MOVE): 0:(1070.8971,1237.4875)
:Sending Touch (ACTION_MOVE): 0:(1080.0,1215.2235)
:Sending Touch (ACTION_MOVE): 0:(1080.0,1208.4843)
:Sending Touch (ACTION_MOVE): 0:(1080.0,1186.6039)
:Sending Touch (ACTION_MOVE): 0:(1080.0,1175.0854)
:Sending Touch (ACTION_UP): 0:(1080.0,1171.3848)
Sleeping for 500 milliseconds
:Sending Key (ACTION_DOWN): 690    // 690
:Sending Key (ACTION_UP): 690    // 690
Sleeping for 500 milliseconds
:Sending Key (ACTION_DOWN): 22    // KEYCODE_DPAD_RIGHT
:Sending Key (ACTION_UP): 22    // KEYCODE_DPAD_RIGHT
Sleeping for 500 milliseconds
:Sending Key (ACTION_DOWN): 82    // KEYCODE_MENU
:Sending Key (ACTION_UP): 82    // KEYCODE_MENU
Sleeping for 500 milliseconds
:Sending Key (ACTION_DOWN): 202    // KEYCODE_BUTTON_15
:Sending Key (ACTION_UP): 202    // KEYCODE_BUTTON_15
Sleeping for 500 milliseconds
:Sending Key (ACTION_DOWN): 23    // KEYCODE_DPAD_CENTER
:Sending Key (ACTION_UP): 23    // KEYCODE_DPAD_CENTER
Sleeping for 500 milliseconds
:Sending Touch (ACTION_DOWN): 0:(473.0,353.0)
:Sending Touch (ACTION_UP): 0:(482.14395,347.60385)
Sleeping for 500 milliseconds
:Sending Touch (ACTION_DOWN): 0:(221.0,220.0)
:Sending Touch (ACTION_UP): 0:(216.4132,231.43933)
Sleeping for 500 milliseconds
:Sending Key (ACTION_DOWN): 19    // KEYCODE_DPAD_UP
:Sending Key (ACTION_UP): 19    // KEYCODE_DPAD_UP
Sleeping for 500 milliseconds
:Sending Key (ACTION_DOWN): 23    // KEYCODE_DPAD_CENTER
:Sending Key (ACTION_UP): 23    // KEYCODE_DPAD_CENTER
Sleeping for 500 milliseconds
:Sending Key (ACTION_DOWN): 21    // KEYCODE_DPAD_LEFT
:Sending Key (ACTION_UP): 21    // KEYCODE_DPAD_LEFT
Sleeping for 500 milliseconds
:Switch: #Intent;action=android.intent.action.MAIN;category=android.intent.category.LAUNCHER;launchFlags=0x10200000;component=com.hcp.flaget/.ui.SplashActivity;end
    // Allowing start of Intent { act=android.intent.action.MAIN cat=[android.intent.category.LAUNCHER] cmp=com.hcp.flaget/.ui.SplashActivity } in package com.hcp.flaget
Sleeping for 500 milliseconds
:Sending Key (ACTION_DOWN): 19    // KEYCODE_DPAD_UP
:Sending Key (ACTION_UP): 19    // KEYCODE_DPAD_UP
Sleeping for 500 milliseconds
:Sending Key (ACTION_DOWN): 22    // KEYCODE_DPAD_RIGHT
:Sending Key (ACTION_UP): 22    // KEYCODE_DPAD_RIGHT
Sleeping for 500 milliseconds
:Sending Key (ACTION_DOWN): 583    // 583
:Sending Key (ACTION_UP): 583    // 583
    //[calendar_time:2022-05-07 18:41:09.510  system_uptime:2218730426]
    // Sending event #900
Sleeping for 500 milliseconds
    //[calendar_time:2022-05-07 18:41:10.011  system_uptime:2218730928]
    // Sending event #900
:Sending Touch (ACTION_DOWN): 0:(93.0,184.0)
:Sending Touch (ACTION_UP): 0:(80.63783,169.36694)
Sleeping for 500 milliseconds
:Sending Touch (ACTION_DOWN): 0:(155.0,1377.0)
:Sending Touch (ACTION_UP): 0:(159.96321,1384.5487)
Sleeping for 500 milliseconds
:Sending Key (ACTION_DOWN): 19    // KEYCODE_DPAD_UP
:Sending Key (ACTION_UP): 19    // KEYCODE_DPAD_UP
Sleeping for 500 milliseconds
:Sending Key (ACTION_DOWN): 20    // KEYCODE_DPAD_DOWN
:Sending Key (ACTION_UP): 20    // KEYCODE_DPAD_DOWN
Sleeping for 500 milliseconds
:Sending Trackball (ACTION_MOVE): 0:(4.0,-5.0)
:Sending Trackball (ACTION_MOVE): 0:(-4.0,-5.0)
:Sending Trackball (ACTION_MOVE): 0:(1.0,-5.0)
:Sending Trackball (ACTION_MOVE): 0:(2.0,-5.0)
:Sending Trackball (ACTION_MOVE): 0:(1.0,-4.0)
:Sending Trackball (ACTION_MOVE): 0:(-2.0,0.0)
:Sending Trackball (ACTION_MOVE): 0:(3.0,-1.0)
:Sending Trackball (ACTION_MOVE): 0:(-2.0,-3.0)
:Sending Trackball (ACTION_MOVE): 0:(-4.0,3.0)
:Sending Trackball (ACTION_MOVE): 0:(2.0,-4.0)
:Sending Key (ACTION_DOWN): 82    // KEYCODE_MENU
:Sending Key (ACTION_UP): 82    // KEYCODE_MENU
Sleeping for 500 milliseconds
:Sending Key (ACTION_DOWN): 25    // KEYCODE_VOLUME_DOWN
:Sending Key (ACTION_UP): 25    // KEYCODE_VOLUME_DOWN
Sleeping for 500 milliseconds
:Sending Key (ACTION_DOWN): 20    // KEYCODE_DPAD_DOWN
:Sending Key (ACTION_UP): 20    // KEYCODE_DPAD_DOWN
Sleeping for 500 milliseconds
:Sending Trackball (ACTION_MOVE): 0:(-2.0,-2.0)
:Sending Trackball (ACTION_MOVE): 0:(-1.0,-4.0)
:Sending Trackball (ACTION_MOVE): 0:(3.0,-2.0)
:Sending Trackball (ACTION_MOVE): 0:(-1.0,-4.0)
:Sending Trackball (ACTION_MOVE): 0:(-5.0,-1.0)
:Sending Trackball (ACTION_MOVE): 0:(3.0,-5.0)
:Sending Trackball (ACTION_MOVE): 0:(2.0,-4.0)
:Sending Trackball (ACTION_MOVE): 0:(4.0,0.0)
:Sending Trackball (ACTION_MOVE): 0:(-1.0,0.0)
:Sending Trackball (ACTION_MOVE): 0:(3.0,-1.0)
:Sending Key (ACTION_DOWN): 284    // KEYCODE_TOUCH_PLUS_1
:Sending Key (ACTION_UP): 284    // KEYCODE_TOUCH_PLUS_1
Sleeping for 500 milliseconds
:Sending Trackball (ACTION_MOVE): 0:(-2.0,0.0)
:Sending Trackball (ACTION_MOVE): 0:(-1.0,2.0)
:Sending Trackball (ACTION_MOVE): 0:(-1.0,-4.0)
:Sending Trackball (ACTION_MOVE): 0:(1.0,-3.0)
:Sending Trackball (ACTION_MOVE): 0:(-4.0,1.0)
:Sending Trackball (ACTION_MOVE): 0:(2.0,2.0)
:Sending Trackball (ACTION_MOVE): 0:(-4.0,-3.0)
:Sending Trackball (ACTION_MOVE): 0:(0.0,-4.0)
:Sending Trackball (ACTION_MOVE): 0:(4.0,-2.0)
:Sending Trackball (ACTION_MOVE): 0:(-3.0,2.0)
:Sending Trackball (ACTION_DOWN): 0:(0.0,0.0)
:Sending Trackball (ACTION_UP): 0:(0.0,0.0)
Sleeping for 500 milliseconds
:Sending Key (ACTION_DOWN): 604    // 604
:Sending Key (ACTION_UP): 604    // 604
Sleeping for 500 milliseconds
:Sending Key (ACTION_DOWN): 23    // KEYCODE_DPAD_CENTER
:Sending Key (ACTION_UP): 23    // KEYCODE_DPAD_CENTER
Sleeping for 500 milliseconds
:Sending Touch (ACTION_DOWN): 0:(360.0,404.0)
:Sending Touch (ACTION_MOVE): 0:(360.30875,404.19235)
:Sending Touch (ACTION_MOVE): 0:(361.18726,408.81445)
:Sending Touch (ACTION_MOVE): 0:(361.28842,418.07605)
:Sending Touch (ACTION_MOVE): 0:(361.8711,420.68875)
:Sending Touch (ACTION_MOVE): 0:(362.3577,430.2816)
:Sending Touch (ACTION_MOVE): 0:(362.4985,436.14264)
:Sending Touch (ACTION_MOVE): 0:(363.29724,442.62665)
:Sending Touch (ACTION_MOVE): 0:(364.2878,454.29984)
:Sending Touch (ACTION_UP): 0:(365.01456,457.68335)
Sleeping for 500 milliseconds
:Sending Key (ACTION_DOWN): 24    // KEYCODE_VOLUME_UP
:Sending Key (ACTION_UP): 24    // KEYCODE_VOLUME_UP
Sleeping for 500 milliseconds
:Sending Touch (ACTION_DOWN): 0:(259.0,1264.0)
:Sending Touch (ACTION_MOVE): 0:(266.04208,1259.3273)
:Sending Touch (ACTION_MOVE): 0:(269.16934,1257.0159)
:Sending Touch (ACTION_MOVE): 0:(274.2745,1249.8976)
:Sending Touch (ACTION_MOVE): 0:(281.946,1246.6516)
:Sending Touch (ACTION_UP): 0:(285.0459,1245.7405)
Sleeping for 500 milliseconds
:Sending Key (ACTION_DOWN): 19    // KEYCODE_DPAD_UP
:Sending Key (ACTION_UP): 19    // KEYCODE_DPAD_UP
Sleeping for 500 milliseconds
:Sending Key (ACTION_DOWN): 22    // KEYCODE_DPAD_RIGHT
:Sending Key (ACTION_UP): 22    // KEYCODE_DPAD_RIGHT
Sleeping for 500 milliseconds
:Sending Key (ACTION_DOWN): 20    // KEYCODE_DPAD_DOWN
:Sending Key (ACTION_UP): 20    // KEYCODE_DPAD_DOWN
Sleeping for 500 milliseconds
:Sending Key (ACTION_DOWN): 23    // KEYCODE_DPAD_CENTER
:Sending Key (ACTION_UP): 23    // KEYCODE_DPAD_CENTER
Sleeping for 500 milliseconds
:Sending Key (ACTION_DOWN): 19    // KEYCODE_DPAD_UP
:Sending Key (ACTION_UP): 19    // KEYCODE_DPAD_UP
Sleeping for 500 milliseconds
:Sending Touch (ACTION_DOWN): 0:(589.0,130.0)
:Sending Touch (ACTION_POINTER_DOWN 1): 0:(605.4216,116.48653) 1:(668.0,946.0)
:Sending Touch (ACTION_MOVE): 0:(616.6077,115.740265) 1:(685.5543,954.63916)
:Sending Touch (ACTION_POINTER_UP 1): 0:(634.6856,105.185394) 1:(694.91675,955.1975)
:Sending Touch (ACTION_UP): 0:(654.0588,97.40693)
Sleeping for 500 milliseconds
:Sending Key (ACTION_DOWN): 19    // KEYCODE_DPAD_UP
:Sending Key (ACTION_UP): 19    // KEYCODE_DPAD_UP
Sleeping for 500 milliseconds
:Sending Key (ACTION_DOWN): 247    // KEYCODE_TV_INPUT_COMPOSITE_1
:Sending Key (ACTION_UP): 247    // KEYCODE_TV_INPUT_COMPOSITE_1
Sleeping for 500 milliseconds
:Sending Trackball (ACTION_MOVE): 0:(0.0,-3.0)
:Sending Trackball (ACTION_MOVE): 0:(-4.0,-2.0)
:Sending Trackball (ACTION_MOVE): 0:(3.0,1.0)
:Sending Trackball (ACTION_MOVE): 0:(0.0,0.0)
:Sending Trackball (ACTION_MOVE): 0:(4.0,1.0)
:Sending Trackball (ACTION_MOVE): 0:(-2.0,0.0)
:Sending Trackball (ACTION_MOVE): 0:(-2.0,-1.0)
:Sending Trackball (ACTION_MOVE): 0:(-3.0,-3.0)
:Sending Trackball (ACTION_MOVE): 0:(3.0,-4.0)
:Sending Trackball (ACTION_MOVE): 0:(-5.0,-1.0)
:Sending Key (ACTION_DOWN): 22    // KEYCODE_DPAD_RIGHT
    //[calendar_time:2022-05-07 18:41:24.037  system_uptime:2218744953]
    // Sending event #1000
:Sending Key (ACTION_UP): 22    // KEYCODE_DPAD_RIGHT
Sleeping for 500 milliseconds
:Sending Trackball (ACTION_MOVE): 0:(0.0,-5.0)
:Sending Trackball (ACTION_MOVE): 0:(2.0,-1.0)
:Sending Trackball (ACTION_MOVE): 0:(1.0,4.0)
:Sending Trackball (ACTION_MOVE): 0:(0.0,-5.0)
:Sending Trackball (ACTION_MOVE): 0:(-3.0,-5.0)
:Sending Trackball (ACTION_MOVE): 0:(-4.0,2.0)
:Sending Trackball (ACTION_MOVE): 0:(2.0,0.0)
:Sending Trackball (ACTION_MOVE): 0:(0.0,2.0)
:Sending Trackball (ACTION_MOVE): 0:(3.0,-1.0)
:Sending Trackball (ACTION_MOVE): 0:(1.0,-5.0)
:Sending Key (ACTION_DOWN): 19    // KEYCODE_DPAD_UP
:Sending Key (ACTION_UP): 19    // KEYCODE_DPAD_UP
Sleeping for 500 milliseconds
:Sending Touch (ACTION_DOWN): 0:(318.0,667.0)
:Sending Touch (ACTION_UP): 0:(324.932,659.44415)
Sleeping for 500 milliseconds
:Sending Touch (ACTION_DOWN): 0:(1039.0,1118.0)
:Sending Touch (ACTION_UP): 0:(1041.2413,1112.7422)
Sleeping for 500 milliseconds
:Sending Touch (ACTION_DOWN): 0:(236.0,539.0)
:Sending Touch (ACTION_MOVE): 0:(238.39038,539.3611)
:Sending Touch (ACTION_MOVE): 0:(240.89905,543.253)
:Sending Touch (ACTION_MOVE): 0:(244.5413,560.7824)
:Sending Touch (ACTION_UP): 0:(247.43439,579.00995)
Sleeping for 500 milliseconds
:Sending Trackball (ACTION_MOVE): 0:(-2.0,-5.0)
:Sending Trackball (ACTION_MOVE): 0:(3.0,2.0)
:Sending Trackball (ACTION_MOVE): 0:(-5.0,0.0)
:Sending Trackball (ACTION_MOVE): 0:(-2.0,3.0)
:Sending Trackball (ACTION_MOVE): 0:(-3.0,2.0)
:Sending Trackball (ACTION_MOVE): 0:(-1.0,-1.0)
:Sending Trackball (ACTION_MOVE): 0:(-3.0,3.0)
:Sending Trackball (ACTION_MOVE): 0:(2.0,1.0)
:Sending Trackball (ACTION_MOVE): 0:(0.0,4.0)
:Sending Trackball (ACTION_MOVE): 0:(3.0,-5.0)
:Sending Key (ACTION_DOWN): 23    // KEYCODE_DPAD_CENTER
:Sending Key (ACTION_UP): 23    // KEYCODE_DPAD_CENTER
Sleeping for 500 milliseconds
:Sending Key (ACTION_DOWN): 19    // KEYCODE_DPAD_UP
:Sending Key (ACTION_UP): 19    // KEYCODE_DPAD_UP
Sleeping for 500 milliseconds
:Sending Touch (ACTION_DOWN): 0:(70.0,1758.0)
:Sending Touch (ACTION_UP): 0:(69.68614,1758.5455)
Sleeping for 500 milliseconds
:Sending Key (ACTION_DOWN): 19    // KEYCODE_DPAD_UP
:Sending Key (ACTION_UP): 19    // KEYCODE_DPAD_UP
Sleeping for 500 milliseconds
:Sending Touch (ACTION_DOWN): 0:(14.0,1775.0)
:Sending Touch (ACTION_MOVE): 0:(1.2273808,1777.6681)
:Sending Touch (ACTION_MOVE): 0:(0.0,1779.1816)
:Sending Touch (ACTION_MOVE): 0:(0.0,1781.442)
:Sending Touch (ACTION_MOVE): 0:(0.0,1783.7306)
:Sending Touch (ACTION_MOVE): 0:(0.0,1786.0046)
:Sending Touch (ACTION_MOVE): 0:(0.0,1788.6713)
:Sending Touch (ACTION_MOVE): 0:(0.0,1788.8799)
:Sending Touch (ACTION_MOVE): 0:(0.0,1792.1299)
:Sending Touch (ACTION_MOVE): 0:(0.0,1795.3536)
:Sending Touch (ACTION_UP): 0:(0.0,1795.712)
Sleeping for 500 milliseconds
:Sending Key (ACTION_DOWN): 82    // KEYCODE_MENU
:Sending Key (ACTION_UP): 82    // KEYCODE_MENU
Sleeping for 500 milliseconds
:Sending Key (ACTION_DOWN): 82    // KEYCODE_MENU
:Sending Key (ACTION_UP): 82    // KEYCODE_MENU
Sleeping for 500 milliseconds
:Sending Key (ACTION_DOWN): 19    // KEYCODE_DPAD_UP
:Sending Key (ACTION_UP): 19    // KEYCODE_DPAD_UP
Sleeping for 500 milliseconds
:Sending Touch (ACTION_DOWN): 0:(500.0,1660.0)
:Sending Touch (ACTION_UP): 0:(489.5099,1642.1183)
Sleeping for 500 milliseconds
:Sending Touch (ACTION_DOWN): 0:(528.0,504.0)
:Sending Touch (ACTION_UP): 0:(523.6348,515.1607)
Sleeping for 500 milliseconds
:Sending Touch (ACTION_DOWN): 0:(773.0,681.0)
:Sending Touch (ACTION_MOVE): 0:(778.862,695.1176)
:Sending Touch (ACTION_MOVE): 0:(779.8849,714.5941)
:Sending Touch (ACTION_MOVE): 0:(781.8491,728.5675)
:Sending Touch (ACTION_MOVE): 0:(784.77057,743.07385)
:Sending Touch (ACTION_UP): 0:(787.0903,756.324)
Sleeping for 500 milliseconds
:Sending Touch (ACTION_DOWN): 0:(126.0,1471.0)
:Sending Touch (ACTION_UP): 0:(129.03171,1477.8878)
Sleeping for 500 milliseconds
:Sending Key (ACTION_DOWN): 19    // KEYCODE_DPAD_UP
:Sending Key (ACTION_UP): 19    // KEYCODE_DPAD_UP
Sleeping for 500 milliseconds
:Sending Key (ACTION_DOWN): 409    // 409
:Sending Key (ACTION_UP): 409    // 409
Sleeping for 500 milliseconds
:Sending Key (ACTION_DOWN): 22    // KEYCODE_DPAD_RIGHT
:Sending Key (ACTION_UP): 22    // KEYCODE_DPAD_RIGHT
Sleeping for 500 milliseconds
:Sending Key (ACTION_DOWN): 25    // KEYCODE_VOLUME_DOWN
:Sending Key (ACTION_UP): 25    // KEYCODE_VOLUME_DOWN
Sleeping for 500 milliseconds
:Sending Touch (ACTION_DOWN): 0:(452.0,85.0)
:Sending Touch (ACTION_MOVE): 0:(451.91965,73.510796)
:Sending Touch (ACTION_MOVE): 0:(450.2667,70.67858)
:Sending Touch (ACTION_MOVE): 0:(450.1456,52.66533)
:Sending Touch (ACTION_MOVE): 0:(449.64175,34.86181)
:Sending Touch (ACTION_UP): 0:(448.35843,34.086945)
Sleeping for 500 milliseconds
:Sending Key (ACTION_DOWN): 19    // KEYCODE_DPAD_UP
:Sending Key (ACTION_UP): 19    // KEYCODE_DPAD_UP
Sleeping for 500 milliseconds
:Sending Key (ACTION_DOWN): 25    // KEYCODE_VOLUME_DOWN
:Sending Key (ACTION_UP): 25    // KEYCODE_VOLUME_DOWN
Sleeping for 500 milliseconds
:Sending Key (ACTION_DOWN): 21    // KEYCODE_DPAD_LEFT
:Sending Key (ACTION_UP): 21    // KEYCODE_DPAD_LEFT
Sleeping for 500 milliseconds
:Sending Key (ACTION_DOWN): 22    // KEYCODE_DPAD_RIGHT
:Sending Key (ACTION_UP): 22    // KEYCODE_DPAD_RIGHT
Sleeping for 500 milliseconds
:Sending Key (ACTION_DOWN): 21    // KEYCODE_DPAD_LEFT
:Sending Key (ACTION_UP): 21    // KEYCODE_DPAD_LEFT
Sleeping for 500 milliseconds
:Sending Touch (ACTION_DOWN): 0:(807.0,1150.0)
:Sending Touch (ACTION_UP): 0:(811.71466,1154.686)
Sleeping for 500 milliseconds
:Sending Key (ACTION_DOWN): 82    // KEYCODE_MENU
:Sending Key (ACTION_UP): 82    // KEYCODE_MENU
Sleeping for 500 milliseconds
:Sending Key (ACTION_DOWN): 22    // KEYCODE_DPAD_RIGHT
:Sending Key (ACTION_UP): 22    // KEYCODE_DPAD_RIGHT
Sleeping for 500 milliseconds
:Sending Touch (ACTION_DOWN): 0:(686.0,347.0)
    //[calendar_time:2022-05-07 18:41:42.837  system_uptime:2218763753]
    // Sending event #1100
:Sending Touch (ACTION_MOVE): 0:(684.4803,355.12137)
:Sending Touch (ACTION_MOVE): 0:(683.8568,357.94873)
:Sending Touch (ACTION_MOVE): 0:(681.1105,361.56003)
:Sending Touch (ACTION_MOVE): 0:(678.2631,369.18347)
:Sending Touch (ACTION_MOVE): 0:(677.24384,370.02036)
:Sending Touch (ACTION_MOVE): 0:(675.77893,378.73447)
:Sending Touch (ACTION_MOVE): 0:(674.83453,387.2857)
:Sending Touch (ACTION_MOVE): 0:(672.3701,391.21304)
:Sending Touch (ACTION_MOVE): 0:(670.54895,391.56808)
:Sending Touch (ACTION_UP): 0:(668.20514,395.0876)
Sleeping for 500 milliseconds
:Sending Key (ACTION_DOWN): 352    // 352
:Sending Key (ACTION_UP): 352    // 352
Sleeping for 500 milliseconds
:Sending Key (ACTION_DOWN): 82    // KEYCODE_MENU
:Sending Key (ACTION_UP): 82    // KEYCODE_MENU
Sleeping for 500 milliseconds
:Sending Key (ACTION_DOWN): 82    // KEYCODE_MENU
:Sending Key (ACTION_UP): 82    // KEYCODE_MENU
Sleeping for 500 milliseconds
:Sending Flip keyboardOpen=false
Got IOException performing flipjava.io.IOException: write failed: EINVAL (Invalid argument)
    // Injection Failed
Sleeping for 500 milliseconds
:Sending Trackball (ACTION_MOVE): 0:(3.0,-5.0)
:Sending Trackball (ACTION_MOVE): 0:(-4.0,0.0)
:Sending Trackball (ACTION_MOVE): 0:(-3.0,2.0)
:Sending Trackball (ACTION_MOVE): 0:(-3.0,4.0)
:Sending Trackball (ACTION_MOVE): 0:(4.0,4.0)
:Sending Trackball (ACTION_MOVE): 0:(2.0,1.0)
:Sending Trackball (ACTION_MOVE): 0:(2.0,2.0)
:Sending Trackball (ACTION_MOVE): 0:(-3.0,-4.0)
:Sending Trackball (ACTION_MOVE): 0:(3.0,-1.0)
:Sending Trackball (ACTION_MOVE): 0:(4.0,3.0)
:Sending Key (ACTION_DOWN): 20    // KEYCODE_DPAD_DOWN
:Sending Key (ACTION_UP): 20    // KEYCODE_DPAD_DOWN
Sleeping for 500 milliseconds
:Sending Key (ACTION_DOWN): 21    // KEYCODE_DPAD_LEFT
:Sending Key (ACTION_UP): 21    // KEYCODE_DPAD_LEFT
Sleeping for 500 milliseconds
:Sending Trackball (ACTION_MOVE): 0:(0.0,-3.0)
:Sending Trackball (ACTION_MOVE): 0:(4.0,-2.0)
:Sending Trackball (ACTION_MOVE): 0:(-5.0,-4.0)
:Sending Trackball (ACTION_MOVE): 0:(-1.0,-2.0)
:Sending Trackball (ACTION_MOVE): 0:(3.0,-4.0)
:Sending Trackball (ACTION_MOVE): 0:(-3.0,2.0)
:Sending Trackball (ACTION_MOVE): 0:(3.0,-4.0)
:Sending Trackball (ACTION_MOVE): 0:(3.0,3.0)
:Sending Trackball (ACTION_MOVE): 0:(2.0,-3.0)
:Sending Trackball (ACTION_MOVE): 0:(-4.0,-4.0)
:Sending Trackball (ACTION_DOWN): 0:(0.0,0.0)
:Sending Trackball (ACTION_UP): 0:(0.0,0.0)
Sleeping for 500 milliseconds
:Switch: #Intent;action=android.intent.action.MAIN;category=android.intent.category.LAUNCHER;launchFlags=0x10200000;component=com.hcp.flaget/.ui.SplashActivity;end
    // Allowing start of Intent { act=android.intent.action.MAIN cat=[android.intent.category.LAUNCHER] cmp=com.hcp.flaget/.ui.SplashActivity } in package com.hcp.flaget
Sleeping for 500 milliseconds
:Sending Key (ACTION_DOWN): 82    // KEYCODE_MENU
:Sending Key (ACTION_UP): 82    // KEYCODE_MENU
Sleeping for 500 milliseconds
:Sending Key (ACTION_DOWN): 390    // 390
:Sending Key (ACTION_UP): 390    // 390
Sleeping for 500 milliseconds
